ARM Linker, 5.03 [Build 24] [MDK-ARM Standard]

==============================================================================

Section Cross References

    start.o(Init) refers to main.o(.text) for Main
    start.o(Init) refers to isr.o(.text) for do_irq
    main.o(.text) refers to uart.o(.text) for uart_init
    main.o(.text) refers to lcd.o(.text) for lcd_init
    main.o(.text) refers to mmu.o(.text) for MMU_Init
    main.o(.text) refers to time.o(.text) for time0_init
    my_printf.o(.text) refers to vsprintf.o(.text) for vsprintf
    my_printf.o(.text) refers to uart.o(.text) for uart_send_str
    my_printf.o(.text) refers to my_printf.o(.bss) for g_pcOutBuf
    isr.o(.text) refers to lcd.o(.text) for lcd_printf
    isr.o(.text) refers to isr.o(.data) for sec
    mmu.o(.text) refers to 2440slib.o(C$$code) for MMU_DisableDCache
    lcd.o(.text) refers to strcmp.o(.text) for strcmp
    lcd.o(.text) refers to vsprintf.o(.text) for vsprintf
    lcd.o(.text) refers to lcd.o(.bss) for FRAME_BUF
    lcd.o(.text) refers to ascii.o(.constdata) for ascii
    lcd.o(.text) refers to chinese.o(.constdata) for chinese
    vsprintf.o(.text) refers (Special) to _printf_a.o(.ARM.Collect$$_printf_percent$$00000006) for _printf_a
    vsprintf.o(.text) refers (Special) to _printf_c.o(.ARM.Collect$$_printf_percent$$00000013) for _printf_c
    vsprintf.o(.text) refers (Special) to _printf_charcount.o(.text) for _printf_charcount
    vsprintf.o(.text) refers (Special) to _printf_d.o(.ARM.Collect$$_printf_percent$$00000009) for _printf_d
    vsprintf.o(.text) refers (Special) to _printf_e.o(.ARM.Collect$$_printf_percent$$00000004) for _printf_e
    vsprintf.o(.text) refers (Special) to _printf_f.o(.ARM.Collect$$_printf_percent$$00000003) for _printf_f
    vsprintf.o(.text) refers (Special) to printf1.o(x$fpl$printf1) for _printf_fp_dec
    vsprintf.o(.text) refers (Special) to printf2.o(x$fpl$printf2) for _printf_fp_hex
    vsprintf.o(.text) refers (Special) to _printf_g.o(.ARM.Collect$$_printf_percent$$00000005) for _printf_g
    vsprintf.o(.text) refers (Special) to _printf_i.o(.ARM.Collect$$_printf_percent$$00000008) for _printf_i
    vsprintf.o(.text) refers (Special) to _printf_dec.o(.text) for _printf_int_dec
    vsprintf.o(.text) refers (Special) to _printf_l.o(.ARM.Collect$$_printf_percent$$00000012) for _printf_l
    vsprintf.o(.text) refers (Special) to _printf_lc.o(.ARM.Collect$$_printf_percent$$00000015) for _printf_lc
    vsprintf.o(.text) refers (Special) to _printf_ll.o(.ARM.Collect$$_printf_percent$$00000007) for _printf_ll
    vsprintf.o(.text) refers (Special) to _printf_lld.o(.ARM.Collect$$_printf_percent$$0000000E) for _printf_lld
    vsprintf.o(.text) refers (Special) to _printf_lli.o(.ARM.Collect$$_printf_percent$$0000000D) for _printf_lli
    vsprintf.o(.text) refers (Special) to _printf_llo.o(.ARM.Collect$$_printf_percent$$00000010) for _printf_llo
    vsprintf.o(.text) refers (Special) to _printf_llu.o(.ARM.Collect$$_printf_percent$$0000000F) for _printf_llu
    vsprintf.o(.text) refers (Special) to _printf_llx.o(.ARM.Collect$$_printf_percent$$00000011) for _printf_llx
    vsprintf.o(.text) refers (Special) to _printf_longlong_dec.o(.text) for _printf_longlong_dec
    vsprintf.o(.text) refers (Special) to _printf_hex_int_ll_ptr.o(.text) for _printf_longlong_hex
    vsprintf.o(.text) refers (Special) to _printf_oct_int_ll.o(.text) for _printf_longlong_oct
    vsprintf.o(.text) refers (Special) to _printf_ls.o(.ARM.Collect$$_printf_percent$$00000016) for _printf_ls
    vsprintf.o(.text) refers (Special) to _printf_n.o(.ARM.Collect$$_printf_percent$$00000001) for _printf_n
    vsprintf.o(.text) refers (Special) to _printf_o.o(.ARM.Collect$$_printf_percent$$0000000B) for _printf_o
    vsprintf.o(.text) refers (Special) to _printf_p.o(.ARM.Collect$$_printf_percent$$00000002) for _printf_p
    vsprintf.o(.text) refers (Special) to _printf_percent.o(.ARM.Collect$$_printf_percent$$00000000) for _printf_percent
    vsprintf.o(.text) refers (Special) to _printf_pad.o(.text) for _printf_post_padding
    vsprintf.o(.text) refers (Special) to _printf_s.o(.ARM.Collect$$_printf_percent$$00000014) for _printf_s
    vsprintf.o(.text) refers (Special) to _printf_str.o(.text) for _printf_str
    vsprintf.o(.text) refers (Special) to _printf_truncate.o(.text) for _printf_truncate_signed
    vsprintf.o(.text) refers (Special) to _printf_u.o(.ARM.Collect$$_printf_percent$$0000000A) for _printf_u
    vsprintf.o(.text) refers (Special) to _printf_wctomb.o(.text) for _printf_wctomb
    vsprintf.o(.text) refers (Special) to _printf_x.o(.ARM.Collect$$_printf_percent$$0000000C) for _printf_x
    vsprintf.o(.text) refers to _printf_char_common.o(.text) for _printf_char_common
    vsprintf.o(.text) refers to _sputc.o(.text) for _sputc
    __printf.o(.text) refers to _printf_percent.o(.ARM.Collect$$_printf_percent$$00000000) for _printf_percent
    _printf_str.o(.text) refers (Special) to _printf_char.o(.text) for _printf_cs_common
    _printf_str.o(.text) refers (Weak) to _printf_pad.o(.text) for _printf_pre_padding
    _printf_str.o(.text) refers (Weak) to _printf_pad.o(.text) for _printf_post_padding
    _printf_dec.o(.text) refers (Weak) to _printf_truncate.o(.text) for _printf_truncate_signed
    _printf_dec.o(.text) refers (Weak) to _printf_truncate.o(.text) for _printf_truncate_unsigned
    _printf_dec.o(.text) refers to rtudiv10.o(.text) for __rt_udiv10
    _printf_dec.o(.text) refers to _printf_intcommon.o(.text) for _printf_int_common
    _printf_char_common.o(.text) refers to __printf_flags_ss_wp.o(.text) for __printf
    _printf_wctomb.o(.text) refers (Special) to _printf_wchar.o(.text) for _printf_lcs_common
    _printf_wctomb.o(.text) refers to _wcrtomb.o(.text) for _wcrtomb
    _printf_wctomb.o(.text) refers (Weak) to _printf_pad.o(.text) for _printf_pre_padding
    _printf_wctomb.o(.text) refers (Weak) to _printf_pad.o(.text) for _printf_post_padding
    _printf_wctomb.o(.text) refers to _printf_wctomb.o(.constdata) for .constdata
    _printf_wctomb.o(.constdata) refers (Special) to _printf_wchar.o(.text) for _printf_lcs_common
    _printf_longlong_dec.o(.text) refers to lludiv10.o(.text) for _ll_udiv10
    _printf_longlong_dec.o(.text) refers to _printf_intcommon.o(.text) for _printf_int_common
    _printf_oct_ll.o(.text) refers to _printf_intcommon.o(.text) for _printf_int_common
    _printf_oct_int.o(.text) refers (Weak) to _printf_truncate.o(.text) for _printf_truncate_unsigned
    _printf_oct_int.o(.text) refers to _printf_intcommon.o(.text) for _printf_int_common
    _printf_oct_int_ll.o(.text) refers to _printf_intcommon.o(.text) for _printf_int_common
    _printf_oct_int_ll.o(.text) refers (Weak) to _printf_truncate.o(.text) for _printf_truncate_unsigned
    _printf_hex_ll.o(.text) refers to _printf_intcommon.o(.text) for _printf_int_common
    _printf_hex_ll.o(.text) refers to _printf_hex_ll.o(.constdata) for .constdata
    _printf_hex_int.o(.text) refers (Weak) to _printf_truncate.o(.text) for _printf_truncate_unsigned
    _printf_hex_int.o(.text) refers to _printf_intcommon.o(.text) for _printf_int_common
    _printf_hex_int.o(.text) refers to _printf_hex_int.o(.constdata) for .constdata
    _printf_hex_int_ll.o(.text) refers to _printf_intcommon.o(.text) for _printf_int_common
    _printf_hex_int_ll.o(.text) refers (Weak) to _printf_truncate.o(.text) for _printf_truncate_unsigned
    _printf_hex_int_ll.o(.text) refers to _printf_hex_int_ll.o(.constdata) for .constdata
    _printf_hex_ptr.o(.text) refers to _printf_intcommon.o(.text) for _printf_int_common
    _printf_hex_ptr.o(.text) refers to _printf_hex_ptr.o(.constdata) for .constdata
    _printf_hex_int_ptr.o(.text) refers to _printf_intcommon.o(.text) for _printf_int_common
    _printf_hex_int_ptr.o(.text) refers (Weak) to _printf_truncate.o(.text) for _printf_truncate_unsigned
    _printf_hex_int_ptr.o(.text) refers to _printf_hex_int_ptr.o(.constdata) for .constdata
    _printf_hex_ll_ptr.o(.text) refers to _printf_intcommon.o(.text) for _printf_int_common
    _printf_hex_ll_ptr.o(.text) refers to _printf_hex_ll_ptr.o(.constdata) for .constdata
    _printf_hex_int_ll_ptr.o(.text) refers to _printf_intcommon.o(.text) for _printf_int_common
    _printf_hex_int_ll_ptr.o(.text) refers (Weak) to _printf_truncate.o(.text) for _printf_truncate_unsigned
    _printf_hex_int_ll_ptr.o(.text) refers to _printf_hex_int_ll_ptr.o(.constdata) for .constdata
    __printf_flags.o(.text) refers to _printf_percent.o(.ARM.Collect$$_printf_percent$$00000000) for _printf_percent
    __printf_flags.o(.text) refers to __printf_flags.o(.constdata) for .constdata
    __printf_ss.o(.text) refers to _printf_percent.o(.ARM.Collect$$_printf_percent$$00000000) for _printf_percent
    __printf_flags_ss.o(.text) refers to _printf_percent.o(.ARM.Collect$$_printf_percent$$00000000) for _printf_percent
    __printf_flags_ss.o(.text) refers to __printf_flags_ss.o(.constdata) for .constdata
    __printf_wp.o(.text) refers to __printf_wp.o(i._is_digit) for _is_digit
    __printf_wp.o(.text) refers to _printf_percent.o(.ARM.Collect$$_printf_percent$$00000000) for _printf_percent
    __printf_flags_wp.o(.text) refers to __printf_wp.o(i._is_digit) for _is_digit
    __printf_flags_wp.o(.text) refers to _printf_percent.o(.ARM.Collect$$_printf_percent$$00000000) for _printf_percent
    __printf_flags_wp.o(.text) refers to __printf_flags_wp.o(.constdata) for .constdata
    __printf_ss_wp.o(.text) refers to __printf_wp.o(i._is_digit) for _is_digit
    __printf_ss_wp.o(.text) refers to _printf_percent.o(.ARM.Collect$$_printf_percent$$00000000) for _printf_percent
    __printf_flags_ss_wp.o(.text) refers to __printf_wp.o(i._is_digit) for _is_digit
    __printf_flags_ss_wp.o(.text) refers to _printf_percent.o(.ARM.Collect$$_printf_percent$$00000000) for _printf_percent
    __printf_flags_ss_wp.o(.text) refers to __printf_flags_ss_wp.o(.constdata) for .constdata
    _printf_c.o(.ARM.Collect$$_printf_percent$$00000013) refers (Weak) to _printf_char.o(.text) for _printf_char
    _printf_s.o(.ARM.Collect$$_printf_percent$$00000014) refers (Weak) to _printf_char.o(.text) for _printf_string
    _printf_n.o(.ARM.Collect$$_printf_percent$$00000001) refers (Weak) to _printf_charcount.o(.text) for _printf_charcount
    _printf_x.o(.ARM.Collect$$_printf_percent$$0000000C) refers (Weak) to _printf_hex_int_ll_ptr.o(.text) for _printf_int_hex
    _printf_p.o(.ARM.Collect$$_printf_percent$$00000002) refers (Weak) to _printf_hex_int_ll_ptr.o(.text) for _printf_hex_ptr
    _printf_o.o(.ARM.Collect$$_printf_percent$$0000000B) refers (Weak) to _printf_oct_int_ll.o(.text) for _printf_int_oct
    _printf_i.o(.ARM.Collect$$_printf_percent$$00000008) refers (Weak) to _printf_dec.o(.text) for _printf_int_dec
    _printf_d.o(.ARM.Collect$$_printf_percent$$00000009) refers (Weak) to _printf_dec.o(.text) for _printf_int_dec
    _printf_u.o(.ARM.Collect$$_printf_percent$$0000000A) refers (Weak) to _printf_dec.o(.text) for _printf_int_dec
    _printf_f.o(.ARM.Collect$$_printf_percent$$00000003) refers (Weak) to printf1.o(x$fpl$printf1) for _printf_fp_dec
    _printf_e.o(.ARM.Collect$$_printf_percent$$00000004) refers (Weak) to printf1.o(x$fpl$printf1) for _printf_fp_dec
    _printf_g.o(.ARM.Collect$$_printf_percent$$00000005) refers (Weak) to printf1.o(x$fpl$printf1) for _printf_fp_dec
    _printf_a.o(.ARM.Collect$$_printf_percent$$00000006) refers (Weak) to printf2.o(x$fpl$printf2) for _printf_fp_hex
    _printf_percent.o(.ARM.Collect$$_printf_percent$$00000000) refers (Special) to _printf_percent_end.o(.ARM.Collect$$_printf_percent$$00000017) for _printf_percent_end
    _printf_lli.o(.ARM.Collect$$_printf_percent$$0000000D) refers (Special) to _printf_ll.o(.ARM.Collect$$_printf_percent$$00000007) for _printf_ll
    _printf_lli.o(.ARM.Collect$$_printf_percent$$0000000D) refers (Weak) to _printf_longlong_dec.o(.text) for _printf_longlong_dec
    _printf_lld.o(.ARM.Collect$$_printf_percent$$0000000E) refers (Special) to _printf_ll.o(.ARM.Collect$$_printf_percent$$00000007) for _printf_ll
    _printf_lld.o(.ARM.Collect$$_printf_percent$$0000000E) refers (Weak) to _printf_longlong_dec.o(.text) for _printf_longlong_dec
    _printf_llu.o(.ARM.Collect$$_printf_percent$$0000000F) refers (Special) to _printf_ll.o(.ARM.Collect$$_printf_percent$$00000007) for _printf_ll
    _printf_llu.o(.ARM.Collect$$_printf_percent$$0000000F) refers (Weak) to _printf_longlong_dec.o(.text) for _printf_longlong_dec
    _printf_lc.o(.ARM.Collect$$_printf_percent$$00000015) refers (Special) to _printf_l.o(.ARM.Collect$$_printf_percent$$00000012) for _printf_l
    _printf_lc.o(.ARM.Collect$$_printf_percent$$00000015) refers (Weak) to _printf_wchar.o(.text) for _printf_wchar
    _printf_ls.o(.ARM.Collect$$_printf_percent$$00000016) refers (Special) to _printf_l.o(.ARM.Collect$$_printf_percent$$00000012) for _printf_l
    _printf_ls.o(.ARM.Collect$$_printf_percent$$00000016) refers (Weak) to _printf_wchar.o(.text) for _printf_wstring
    _printf_llo.o(.ARM.Collect$$_printf_percent$$00000010) refers (Special) to _printf_ll.o(.ARM.Collect$$_printf_percent$$00000007) for _printf_ll
    _printf_llo.o(.ARM.Collect$$_printf_percent$$00000010) refers (Weak) to _printf_oct_int_ll.o(.text) for _printf_ll_oct
    _printf_llx.o(.ARM.Collect$$_printf_percent$$00000011) refers (Special) to _printf_ll.o(.ARM.Collect$$_printf_percent$$00000007) for _printf_ll
    _printf_llx.o(.ARM.Collect$$_printf_percent$$00000011) refers (Weak) to _printf_hex_int_ll_ptr.o(.text) for _printf_ll_hex
    printf1.o(x$fpl$printf1) refers to _printf_fp_dec.o(.text) for _printf_fp_dec_real
    printf2.o(x$fpl$printf2) refers to _printf_fp_hex.o(.text) for _printf_fp_hex_real
    printf2b.o(x$fpl$printf2) refers to _printf_fp_hex.o(.text) for _printf_fp_hex_real
    _printf_intcommon.o(.text) refers (Weak) to _printf_pad.o(.text) for _printf_pre_padding
    _printf_intcommon.o(.text) refers (Weak) to _printf_pad.o(.text) for _printf_pre_padding
    _printf_intcommon.o(.text) refers (Weak) to _printf_pad.o(.text) for _printf_post_padding
    _printf_fp_dec.o(.text) refers (Special) to usenofp.o(x$fpl$usenofp) for __I$use$fp
    _printf_fp_dec.o(.text) refers (Special) to lc_numeric_c.o(locale$$code) for _get_lc_numeric
    _printf_fp_dec.o(.text) refers to istatus.o(x$fpl$ieeestatus) for __ieee_status
    _printf_fp_dec.o(.text) refers to bigflt0.o(.text) for _btod_etento
    _printf_fp_dec.o(.text) refers to btod.o(CL$$btod_d2e) for _btod_d2e
    _printf_fp_dec.o(.text) refers to btod.o(CL$$btod_ediv) for _btod_ediv
    _printf_fp_dec.o(.text) refers to btod.o(CL$$btod_emul) for _btod_emul
    _printf_fp_dec.o(.text) refers to lludiv10.o(.text) for _ll_udiv10
    _printf_fp_dec.o(.text) refers to fpclassify.o(i.__ARM_fpclassify) for __ARM_fpclassify
    _printf_fp_dec.o(.text) refers to _printf_fp_infnan.o(.text) for _printf_fp_infnan
    _printf_fp_dec.o(.text) refers to rtudiv10.o(.text) for __rt_udiv10
    _printf_fp_dec.o(.text) refers (Weak) to _printf_pad.o(.text) for _printf_pre_padding
    _printf_fp_dec.o(.text) refers (Weak) to _printf_pad.o(.text) for _printf_pre_padding
    _printf_fp_dec.o(.text) refers to rt_locale.o(.text) for __rt_locale
    _printf_fp_dec.o(.text) refers (Weak) to _printf_pad.o(.text) for _printf_post_padding
    _printf_fp_hex.o(.text) refers (Special) to usenofp.o(x$fpl$usenofp) for __I$use$fp
    _printf_fp_hex.o(.text) refers to fpclassify.o(i.__ARM_fpclassify) for __ARM_fpclassify
    _printf_fp_hex.o(.text) refers to _printf_fp_infnan.o(.text) for _printf_fp_infnan
    _printf_fp_hex.o(.text) refers to istatus.o(x$fpl$ieeestatus) for __ieee_status
    _printf_fp_hex.o(.text) refers to aeabi_sdiv.o(.text) for __aeabi_idivmod
    _printf_fp_hex.o(.text) refers (Weak) to _printf_pad.o(.text) for _printf_pre_padding
    _printf_fp_hex.o(.text) refers (Weak) to _printf_pad.o(.text) for _printf_pre_padding
    _printf_fp_hex.o(.text) refers (Weak) to _printf_pad.o(.text) for _printf_post_padding
    _printf_fp_hex.o(.text) refers to _printf_fp_hex.o(.constdata) for .constdata
    _printf_fp_hex.o(.constdata) refers (Special) to usenofp.o(x$fpl$usenofp) for __I$use$fp
    _printf_char.o(.text) refers (Weak) to _printf_str.o(.text) for _printf_str
    _printf_wchar.o(.text) refers (Weak) to _printf_wctomb.o(.text) for _printf_wctomb
    _wcrtomb.o(.text) refers to rt_ctype_table.o(.text) for __rt_ctype_table
    rt_ctype_table.o(.text) refers to rt_locale.o(.text) for __rt_locale
    rt_ctype_table.o(.text) refers to lc_ctype_c.o(locale$$code) for _get_lc_ctype
    rt_locale.o(.text) refers to rt_locale.o(.bss) for __rt_locale_data
    rt_locale_intlibspace.o(.text) refers to libspace.o(.bss) for __libspace_start
    _printf_fp_infnan.o(.text) refers (Weak) to _printf_pad.o(.text) for _printf_pre_padding
    _printf_fp_infnan.o(.text) refers (Weak) to _printf_pad.o(.text) for _printf_post_padding
    bigflt0.o(.text) refers (Special) to usenofp.o(x$fpl$usenofp) for __I$use$fp
    bigflt0.o(.text) refers to aeabi_sdiv.o(.text) for __aeabi_idivmod
    bigflt0.o(.text) refers to btod.o(CL$$btod_emul) for _btod_emul
    bigflt0.o(.text) refers to btod.o(CL$$btod_ediv) for _btod_ediv
    bigflt0.o(.text) refers to bigflt0.o(.constdata) for .constdata
    bigflt0.o(.constdata) refers (Special) to usenofp.o(x$fpl$usenofp) for __I$use$fp
    btod.o(CL$$btod_d2e) refers (Special) to usenofp.o(x$fpl$usenofp) for __I$use$fp
    btod.o(CL$$btod_d2e) refers to btod.o(CL$$btod_d2e_norm_op1) for _d2e_norm_op1
    btod.o(CL$$btod_d2e_norm_op1) refers (Special) to usenofp.o(x$fpl$usenofp) for __I$use$fp
    btod.o(CL$$btod_d2e_norm_op1) refers to btod.o(CL$$btod_d2e_denorm_low) for _d2e_denorm_low
    btod.o(CL$$btod_d2e_denorm_low) refers (Special) to usenofp.o(x$fpl$usenofp) for __I$use$fp
    btod.o(CL$$btod_emul) refers (Special) to usenofp.o(x$fpl$usenofp) for __I$use$fp
    btod.o(CL$$btod_emul) refers to btod.o(CL$$btod_mult_common) for __btod_mult_common
    btod.o(CL$$btod_emul) refers to btod.o(CL$$btod_e2e) for _e2e
    btod.o(CL$$btod_ediv) refers (Special) to usenofp.o(x$fpl$usenofp) for __I$use$fp
    btod.o(CL$$btod_ediv) refers to btod.o(CL$$btod_div_common) for __btod_div_common
    btod.o(CL$$btod_ediv) refers to btod.o(CL$$btod_e2e) for _e2e
    btod.o(CL$$btod_emuld) refers (Special) to usenofp.o(x$fpl$usenofp) for __I$use$fp
    btod.o(CL$$btod_emuld) refers to btod.o(CL$$btod_mult_common) for __btod_mult_common
    btod.o(CL$$btod_emuld) refers to btod.o(CL$$btod_e2d) for _e2d
    btod.o(CL$$btod_edivd) refers (Special) to usenofp.o(x$fpl$usenofp) for __I$use$fp
    btod.o(CL$$btod_edivd) refers to btod.o(CL$$btod_div_common) for __btod_div_common
    btod.o(CL$$btod_edivd) refers to btod.o(CL$$btod_e2d) for _e2d
    btod.o(CL$$btod_e2e) refers (Special) to usenofp.o(x$fpl$usenofp) for __I$use$fp
    btod.o(CL$$btod_e2d) refers (Special) to usenofp.o(x$fpl$usenofp) for __I$use$fp
    btod.o(CL$$btod_e2d) refers to btod.o(CL$$btod_e2e) for _e2e
    btod.o(CL$$btod_mult_common) refers (Special) to usenofp.o(x$fpl$usenofp) for __I$use$fp
    btod.o(CL$$btod_div_common) refers (Special) to usenofp.o(x$fpl$usenofp) for __I$use$fp
    lc_numeric_c.o(locale$$data) refers (Special) to libinit2.o(.ARM.Collect$$libinit$$00000015) for __rt_lib_init_lc_numeric_2
    lc_numeric_c.o(locale$$code) refers (Special) to libinit2.o(.ARM.Collect$$libinit$$00000015) for __rt_lib_init_lc_numeric_2
    lc_numeric_c.o(locale$$code) refers to strcmp.o(.text) for strcmp
    lc_numeric_c.o(locale$$code) refers to lc_numeric_c.o(locale$$data) for __lcnum_c_name
    aeabi_sdiv.o(.text_udiv) refers to aeabi_sdiv.o(.text) for __arm_div2
    aeabi_sdiv_div0.o(.text_udiv) refers to aeabi_sdiv_div0.o(.text) for __arm_div2
    istatus.o(x$fpl$ieeestatus) refers (Special) to usenofp.o(x$fpl$usenofp) for __I$use$fp
    fpclassify.o(i.__ARM_fpclassify) refers (Special) to usenofp.o(x$fpl$usenofp) for __I$use$fp
    libspace.o(.text) refers to libspace.o(.bss) for __libspace_start
    aeabi_idiv0_sigfpe.o(.text) refers to rt_div0.o(.text) for __rt_div0
    lc_ctype_c.o(locale$$data) refers (Special) to libinit2.o(.ARM.Collect$$libinit$$00000011) for __rt_lib_init_lc_ctype_2
    lc_ctype_c.o(locale$$code) refers (Special) to libinit2.o(.ARM.Collect$$libinit$$00000011) for __rt_lib_init_lc_ctype_2
    lc_ctype_c.o(locale$$code) refers to strcmp.o(.text) for strcmp
    lc_ctype_c.o(locale$$code) refers to lc_ctype_c.o(locale$$data) for __lcctype_c_name
    libinit2.o(.ARM.Collect$$libinit$$00000001) refers to fpinit.o(x$fpl$fpinit) for _fp_init
    libinit2.o(.ARM.Collect$$libinit$$0000000D) refers (Weak) to rt_locale.o(.text) for __rt_locale
    libinit2.o(.ARM.Collect$$libinit$$0000000E) refers to libinit2.o(.ARM.Collect$$libinit$$0000000D) for .ARM.Collect$$libinit$$0000000D
    libinit2.o(.ARM.Collect$$libinit$$00000010) refers to libinit2.o(.ARM.Collect$$libinit$$0000000D) for .ARM.Collect$$libinit$$0000000D
    libinit2.o(.ARM.Collect$$libinit$$00000010) refers (Weak) to lc_ctype_c.o(locale$$code) for _get_lc_ctype
    libinit2.o(.ARM.Collect$$libinit$$00000012) refers to libinit2.o(.ARM.Collect$$libinit$$0000000D) for .ARM.Collect$$libinit$$0000000D
    libinit2.o(.ARM.Collect$$libinit$$00000014) refers to libinit2.o(.ARM.Collect$$libinit$$0000000D) for .ARM.Collect$$libinit$$0000000D
    libinit2.o(.ARM.Collect$$libinit$$00000014) refers (Weak) to lc_numeric_c.o(locale$$code) for _get_lc_numeric
    libinit2.o(.ARM.Collect$$libinit$$00000016) refers to libinit2.o(.ARM.Collect$$libinit$$0000000D) for .ARM.Collect$$libinit$$0000000D
    libinit2.o(.ARM.Collect$$libinit$$00000024) refers to argv_veneer.o(.emb_text) for __ARM_argv_veneer
    libinit2.o(.ARM.Collect$$libinit$$00000025) refers to argv_veneer.o(.emb_text) for __ARM_argv_veneer
    rt_div0.o(.text) refers to defsig_fpe_outer.o(.text) for __rt_SIGFPE
    argv_veneer.o(.emb_text) refers to _get_argv_nomalloc.o(.text) for __ARM_get_argv
    defsig_fpe_outer.o(.text) refers to defsig_fpe_inner.o(.text) for __rt_SIGFPE_inner
    defsig_fpe_outer.o(.text) refers to defsig_exit.o(.text) for __sig_exit
    defsig_fpe_formal.o(.text) refers to rt_raise.o(.text) for __rt_raise
    _get_argv_nomalloc.o(.text) refers (Special) to hrguard.o(.text) for __heap_region$guard
    _get_argv_nomalloc.o(.text) refers to defsig_rtmem_outer.o(.text) for __rt_SIGRTMEM
    _get_argv_nomalloc.o(.text) refers to sys_command.o(.text) for _sys_command_string
    sys_command.o(.text) refers (Special) to use_no_semi.o(.text) for __I$use$semihosting
    sys_command.o(.text) refers (Special) to indicate_semi.o(.text) for __semihosting_library_function
    rt_raise.o(.text) refers to __raise.o(.text) for __raise
    rt_raise.o(.text) refers to sys_exit.o(.text) for _sys_exit
    defsig_exit.o(.text) refers to sys_exit.o(.text) for _sys_exit
    defsig_fpe_inner.o(.text) refers to defsig_general.o(.text) for __default_signal_display
    defsig_rtmem_outer.o(.text) refers to defsig_rtmem_inner.o(.text) for __rt_SIGRTMEM_inner
    defsig_rtmem_outer.o(.text) refers to defsig_exit.o(.text) for __sig_exit
    defsig_rtmem_formal.o(.text) refers to rt_raise.o(.text) for __rt_raise
    sys_exit.o(.text) refers (Special) to use_no_semi.o(.text) for __I$use$semihosting
    sys_exit.o(.text) refers (Special) to indicate_semi.o(.text) for __semihosting_library_function
    __raise.o(.text) refers to defsig.o(CL$$defsig) for __default_signal_handler
    defsig_general.o(.text) refers to sys_wrch.o(.text) for _ttywrch
    defsig_rtmem_inner.o(.text) refers to defsig_general.o(.text) for __default_signal_display
    sys_wrch.o(.text) refers (Special) to use_no_semi.o(.text) for __I$use$semihosting
    sys_wrch.o(.text) refers (Special) to indicate_semi.o(.text) for __semihosting_library_function
    defsig.o(CL$$defsig) refers to defsig_fpe_inner.o(.text) for __rt_SIGFPE_inner
    defsig.o(CL$$defsig) refers to defsig_rtmem_inner.o(.text) for __rt_SIGRTMEM_inner
    defsig_abrt_inner.o(.text) refers to defsig_general.o(.text) for __default_signal_display
    defsig_rtred_inner.o(.text) refers to defsig_general.o(.text) for __default_signal_display
    defsig_stak_inner.o(.text) refers to defsig_general.o(.text) for __default_signal_display
    defsig_pvfn_inner.o(.text) refers to defsig_general.o(.text) for __default_signal_display
    defsig_cppl_inner.o(.text) refers to defsig_general.o(.text) for __default_signal_display
    defsig_segv_inner.o(.text) refers to defsig_general.o(.text) for __default_signal_display
    defsig_other.o(.text) refers to defsig_general.o(.text) for __default_signal_display


==============================================================================

Removing Unused input sections from the image.

    Removing clock_init.o(.text), (52 bytes).
    Removing my_printf.o(.text), (196 bytes).
    Removing my_printf.o(.bss), (2048 bytes).
    Removing led.o(.text), (1352 bytes).

4 unused section(s) (total 3648 bytes) removed from the image.

==============================================================================

Adding Veneers to the image

    Adding AT veneer (8 bytes, Inline) for call to '_printf_int_dec' from _printf_i.o(.ARM.Collect$$_printf_percent$$00000008).
    Adding AT veneer (8 bytes, Inline) for call to '_printf_charcount' from _printf_n.o(.ARM.Collect$$_printf_percent$$00000001).
    Adding AT veneer (8 bytes, Inline) for call to '_printf_longlong_dec' from _printf_lli.o(.ARM.Collect$$_printf_percent$$0000000D).
    Adding AT veneer (8 bytes, Inline) for call to '_printf_int_oct' from _printf_o.o(.ARM.Collect$$_printf_percent$$0000000B).
    Adding AT veneer (8 bytes, Inline) for call to '_printf_hex_ptr' from _printf_p.o(.ARM.Collect$$_printf_percent$$00000002).
    Adding AT veneer (8 bytes, Inline) for call to '_printf_fp_hex_real' from printf2.o(x$fpl$printf2).
    Adding AT veneer (8 bytes, Inline) for call to '_printf_char' from _printf_c.o(.ARM.Collect$$_printf_percent$$00000013).
    Adding AT veneer (8 bytes, Inline) for call to '_printf_wchar' from _printf_lc.o(.ARM.Collect$$_printf_percent$$00000015).
    Adding AT veneer (8 bytes, Long) for call to '_printf_int_hex' from _printf_x.o(.ARM.Collect$$_printf_percent$$0000000C).
    Adding AT veneer (8 bytes, Long) for call to '_printf_ll_oct' from _printf_llo.o(.ARM.Collect$$_printf_percent$$00000010).
    Adding AT veneer (8 bytes, Long) for call to '_printf_ll_hex' from _printf_llx.o(.ARM.Collect$$_printf_percent$$00000011).
    Adding AT veneer (8 bytes, Long) for call to '_printf_string' from _printf_s.o(.ARM.Collect$$_printf_percent$$00000014).
    Adding AT veneer (8 bytes, Long) for call to '_printf_wstring' from _printf_ls.o(.ARM.Collect$$_printf_percent$$00000016).
    Adding AT veneer (8 bytes, Long) for call to '_printf_fp_dec_real' from printf1.o(x$fpl$printf1).

14 Veneer(s) (total 112 bytes) added to the image.

==============================================================================

Image Symbol Table

    Local Symbols

    Symbol Name                              Value     Ov Type        Size  Object(Section)

    ../clib/angel/rt.s                       0x00000000   Number         0  rt_ctype_table.o ABSOLUTE
    ../clib/angel/rt.s                       0x00000000   Number         0  rt_div0.o ABSOLUTE
    ../clib/angel/rt.s                       0x00000000   Number         0  aeabi_idiv0_sigfpe.o ABSOLUTE
    ../clib/angel/rt.s                       0x00000000   Number         0  aeabi_idiv0.o ABSOLUTE
    ../clib/angel/rt.s                       0x00000000   Number         0  rt_locale_intlibspace.o ABSOLUTE
    ../clib/angel/rt.s                       0x00000000   Number         0  rt_locale.o ABSOLUTE
    ../clib/angel/rt.s                       0x00000000   Number         0  rt_raise.o ABSOLUTE
    ../clib/angel/sys.s                      0x00000000   Number         0  libspace.o ABSOLUTE
    ../clib/angel/sys.s                      0x00000000   Number         0  indicate_semi.o ABSOLUTE
    ../clib/angel/sys.s                      0x00000000   Number         0  use_no_semi.o ABSOLUTE
    ../clib/angel/sysapp.c                   0x00000000   Number         0  sys_wrch.o ABSOLUTE
    ../clib/angel/sysapp.c                   0x00000000   Number         0  sys_exit.o ABSOLUTE
    ../clib/angel/sysapp.c                   0x00000000   Number         0  sys_command.o ABSOLUTE
    ../clib/armsys.c                         0x00000000   Number         0  argv_veneer.o ABSOLUTE
    ../clib/armsys.c                         0x00000000   Number         0  argv_veneer.o ABSOLUTE
    ../clib/armsys.c                         0x00000000   Number         0  no_argv.o ABSOLUTE
    ../clib/armsys.c                         0x00000000   Number         0  _get_argv_nomalloc.o ABSOLUTE
    ../clib/bigflt.c                         0x00000000   Number         0  bigflt0.o ABSOLUTE
    ../clib/btod.s                           0x00000000   Number         0  btod.o ABSOLUTE
    ../clib/division.s                       0x00000000   Number         0  rtudiv10.o ABSOLUTE
    ../clib/division.s                       0x00000000   Number         0  aeabi_sdiv_div0.o ABSOLUTE
    ../clib/division.s                       0x00000000   Number         0  aeabi_sdiv.o ABSOLUTE
    ../clib/divrt.s                          0x00000000   Number         0  divrt_9e.o ABSOLUTE
    ../clib/divrt.s                          0x00000000   Number         0  divrt_9e_div0.o ABSOLUTE
    ../clib/heapalloc.c                      0x00000000   Number         0  hrguard.o ABSOLUTE
    ../clib/libinit.s                        0x00000000   Number         0  libinit2.o ABSOLUTE
    ../clib/locale.c                         0x00000000   Number         0  _wcrtomb.o ABSOLUTE
    ../clib/locale.s                         0x00000000   Number         0  lc_ctype_c.o ABSOLUTE
    ../clib/locale.s                         0x00000000   Number         0  lc_numeric_c.o ABSOLUTE
    ../clib/longlong.s                       0x00000000   Number         0  lludiv10.o ABSOLUTE
    ../clib/memcpset.s                       0x00000000   Number         0  strcmp.o ABSOLUTE
    ../clib/misc.s                           0x00000000   Number         0  printf_stubs.o ABSOLUTE
    ../clib/printf.c                         0x00000000   Number         0  _printf_fp_dec.o ABSOLUTE
    ../clib/printf.c                         0x00000000   Number         0  _printf_truncate.o ABSOLUTE
    ../clib/printf.c                         0x00000000   Number         0  __printf_flags.o ABSOLUTE
    ../clib/printf.c                         0x00000000   Number         0  _printf_str.o ABSOLUTE
    ../clib/printf.c                         0x00000000   Number         0  _printf_char.o ABSOLUTE
    ../clib/printf.c                         0x00000000   Number         0  _printf_dec.o ABSOLUTE
    ../clib/printf.c                         0x00000000   Number         0  _printf_fp_infnan.o ABSOLUTE
    ../clib/printf.c                         0x00000000   Number         0  _printf_charcount.o ABSOLUTE
    ../clib/printf.c                         0x00000000   Number         0  __printf_ss.o ABSOLUTE
    ../clib/printf.c                         0x00000000   Number         0  _printf_char_common.o ABSOLUTE
    ../clib/printf.c                         0x00000000   Number         0  __printf_flags_ss.o ABSOLUTE
    ../clib/printf.c                         0x00000000   Number         0  __printf_nopercent.o ABSOLUTE
    ../clib/printf.c                         0x00000000   Number         0  _sputc.o ABSOLUTE
    ../clib/printf.c                         0x00000000   Number         0  __printf_wp.o ABSOLUTE
    ../clib/printf.c                         0x00000000   Number         0  _printf_wctomb.o ABSOLUTE
    ../clib/printf.c                         0x00000000   Number         0  __printf.o ABSOLUTE
    ../clib/printf.c                         0x00000000   Number         0  __printf_ss_wp.o ABSOLUTE
    ../clib/printf.c                         0x00000000   Number         0  __printf_flags_ss_wp.o ABSOLUTE
    ../clib/printf.c                         0x00000000   Number         0  _printf_intcommon.o ABSOLUTE
    ../clib/printf.c                         0x00000000   Number         0  __printf_flags_wp.o ABSOLUTE
    ../clib/printf.c                         0x00000000   Number         0  _printf_oct_ll.o ABSOLUTE
    ../clib/printf.c                         0x00000000   Number         0  _printf_oct_int.o ABSOLUTE
    ../clib/printf.c                         0x00000000   Number         0  _printf_oct_int_ll.o ABSOLUTE
    ../clib/printf.c                         0x00000000   Number         0  _printf_fp_hex.o ABSOLUTE
    ../clib/printf.c                         0x00000000   Number         0  _printf_wchar.o ABSOLUTE
    ../clib/printf.c                         0x00000000   Number         0  _printf_hex_ll.o ABSOLUTE
    ../clib/printf.c                         0x00000000   Number         0  _printf_longlong_dec.o ABSOLUTE
    ../clib/printf.c                         0x00000000   Number         0  _printf_hex_int_ll.o ABSOLUTE
    ../clib/printf.c                         0x00000000   Number         0  vsprintf.o ABSOLUTE
    ../clib/printf.c                         0x00000000   Number         0  _printf_hex_int_ptr.o ABSOLUTE
    ../clib/printf.c                         0x00000000   Number         0  _printf_hex_ll_ptr.o ABSOLUTE
    ../clib/printf.c                         0x00000000   Number         0  _printf_hex_int_ll_ptr.o ABSOLUTE
    ../clib/printf.c                         0x00000000   Number         0  _printf_hex_ptr.o ABSOLUTE
    ../clib/printf.c                         0x00000000   Number         0  _printf_pad.o ABSOLUTE
    ../clib/printf.c                         0x00000000   Number         0  _printf_hex_int.o ABSOLUTE
    ../clib/printf_percent.s                 0x00000000   Number         0  _printf_lli.o ABSOLUTE
    ../clib/printf_percent.s                 0x00000000   Number         0  _printf_lld.o ABSOLUTE
    ../clib/printf_percent.s                 0x00000000   Number         0  _printf_llu.o ABSOLUTE
    ../clib/printf_percent.s                 0x00000000   Number         0  _printf_ll.o ABSOLUTE
    ../clib/printf_percent.s                 0x00000000   Number         0  _printf_l.o ABSOLUTE
    ../clib/printf_percent.s                 0x00000000   Number         0  _printf_lc.o ABSOLUTE
    ../clib/printf_percent.s                 0x00000000   Number         0  _printf_ls.o ABSOLUTE
    ../clib/printf_percent.s                 0x00000000   Number         0  _printf_i.o ABSOLUTE
    ../clib/printf_percent.s                 0x00000000   Number         0  _printf_llx.o ABSOLUTE
    ../clib/printf_percent.s                 0x00000000   Number         0  _printf_percent_end.o ABSOLUTE
    ../clib/printf_percent.s                 0x00000000   Number         0  _printf_llo.o ABSOLUTE
    ../clib/printf_percent.s                 0x00000000   Number         0  _printf_c.o ABSOLUTE
    ../clib/printf_percent.s                 0x00000000   Number         0  _printf_s.o ABSOLUTE
    ../clib/printf_percent.s                 0x00000000   Number         0  _printf_n.o ABSOLUTE
    ../clib/printf_percent.s                 0x00000000   Number         0  _printf_x.o ABSOLUTE
    ../clib/printf_percent.s                 0x00000000   Number         0  _printf_p.o ABSOLUTE
    ../clib/printf_percent.s                 0x00000000   Number         0  _printf_o.o ABSOLUTE
    ../clib/printf_percent.s                 0x00000000   Number         0  _printf_d.o ABSOLUTE
    ../clib/printf_percent.s                 0x00000000   Number         0  _printf_u.o ABSOLUTE
    ../clib/printf_percent.s                 0x00000000   Number         0  _printf_f.o ABSOLUTE
    ../clib/printf_percent.s                 0x00000000   Number         0  _printf_e.o ABSOLUTE
    ../clib/printf_percent.s                 0x00000000   Number         0  _printf_g.o ABSOLUTE
    ../clib/printf_percent.s                 0x00000000   Number         0  _printf_a.o ABSOLUTE
    ../clib/printf_percent.s                 0x00000000   Number         0  _printf_percent.o ABSOLUTE
    ../clib/signal.c                         0x00000000   Number         0  defsig_fpe_inner.o ABSOLUTE
    ../clib/signal.c                         0x00000000   Number         0  defsig_cppl_inner.o ABSOLUTE
    ../clib/signal.c                         0x00000000   Number         0  defsig_pvfn_inner.o ABSOLUTE
    ../clib/signal.c                         0x00000000   Number         0  defsig_rtmem_outer.o ABSOLUTE
    ../clib/signal.c                         0x00000000   Number         0  defsig_exit.o ABSOLUTE
    ../clib/signal.c                         0x00000000   Number         0  defsig_stak_inner.o ABSOLUTE
    ../clib/signal.c                         0x00000000   Number         0  defsig_fpe_outer.o ABSOLUTE
    ../clib/signal.c                         0x00000000   Number         0  defsig_fpe_formal.o ABSOLUTE
    ../clib/signal.c                         0x00000000   Number         0  defsig_rtred_inner.o ABSOLUTE
    ../clib/signal.c                         0x00000000   Number         0  defsig_abrt_inner.o ABSOLUTE
    ../clib/signal.c                         0x00000000   Number         0  defsig_rtmem_inner.o ABSOLUTE
    ../clib/signal.c                         0x00000000   Number         0  defsig_general.o ABSOLUTE
    ../clib/signal.c                         0x00000000   Number         0  __raise.o ABSOLUTE
    ../clib/signal.c                         0x00000000   Number         0  defsig_rtmem_formal.o ABSOLUTE
    ../clib/signal.c                         0x00000000   Number         0  defsig_other.o ABSOLUTE
    ../clib/signal.c                         0x00000000   Number         0  defsig_segv_inner.o ABSOLUTE
    ../clib/signal.s                         0x00000000   Number         0  defsig.o ABSOLUTE
    ../fplib/fpinit.s                        0x00000000   Number         0  fpinit.o ABSOLUTE
    ../fplib/istatus.s                       0x00000000   Number         0  istatus.o ABSOLUTE
    ../fplib/printf1.s                       0x00000000   Number         0  printf1.o ABSOLUTE
    ../fplib/printf2.s                       0x00000000   Number         0  printf2.o ABSOLUTE
    ../fplib/printf2a.s                      0x00000000   Number         0  printf2a.o ABSOLUTE
    ../fplib/printf2b.s                      0x00000000   Number         0  printf2b.o ABSOLUTE
    ../fplib/usenofp.s                       0x00000000   Number         0  usenofp.o ABSOLUTE
    ../mathlib/fpclassify.c                  0x00000000   Number         0  fpclassify.o ABSOLUTE
    MMU\2440slib.s                           0x00000000   Number         0  2440slib.o ABSOLUTE
    MMU\mmu.c                                0x00000000   Number         0  mmu.o ABSOLUTE
    Main.c                                   0x00000000   Number         0  main.o ABSOLUTE
    ascii.c                                  0x00000000   Number         0  ascii.o ABSOLUTE
    chinese.c                                0x00000000   Number         0  chinese.o ABSOLUTE
    clock_init.c                             0x00000000   Number         0  clock_init.o ABSOLUTE
    dc.s                                     0x00000000   Number         0  dc.o ABSOLUTE
    isr.c                                    0x00000000   Number         0  isr.o ABSOLUTE
    lcd.c                                    0x00000000   Number         0  lcd.o ABSOLUTE
    led.c                                    0x00000000   Number         0  led.o ABSOLUTE
    my_printf.c                              0x00000000   Number         0  my_printf.o ABSOLUTE
    start.s                                  0x00000000   Number         0  start.o ABSOLUTE
    time.c                                   0x00000000   Number         0  time.o ABSOLUTE
    uart.c                                   0x00000000   Number         0  uart.o ABSOLUTE
    Init                                     0x30000000   Section      152  start.o(Init)
    .ARM.Collect$$_printf_percent$$00000000  0x30000098   Section        0  _printf_percent.o(.ARM.Collect$$_printf_percent$$00000000)
    .ARM.Collect$$_printf_percent$$00000001  0x30000098   Section        8  _printf_n.o(.ARM.Collect$$_printf_percent$$00000001)
    .ARM.Collect$$_printf_percent$$00000002  0x300000a0   Section        8  _printf_p.o(.ARM.Collect$$_printf_percent$$00000002)
    .ARM.Collect$$_printf_percent$$00000003  0x300000a8   Section        8  _printf_f.o(.ARM.Collect$$_printf_percent$$00000003)
    .ARM.Collect$$_printf_percent$$00000004  0x300000b0   Section        8  _printf_e.o(.ARM.Collect$$_printf_percent$$00000004)
    .ARM.Collect$$_printf_percent$$00000005  0x300000b8   Section        8  _printf_g.o(.ARM.Collect$$_printf_percent$$00000005)
    .ARM.Collect$$_printf_percent$$00000006  0x300000c0   Section        8  _printf_a.o(.ARM.Collect$$_printf_percent$$00000006)
    .ARM.Collect$$_printf_percent$$00000007  0x300000c8   Section       12  _printf_ll.o(.ARM.Collect$$_printf_percent$$00000007)
    .ARM.Collect$$_printf_percent$$00000008  0x300000d4   Section        8  _printf_i.o(.ARM.Collect$$_printf_percent$$00000008)
    .ARM.Collect$$_printf_percent$$00000009  0x300000dc   Section        8  _printf_d.o(.ARM.Collect$$_printf_percent$$00000009)
    .ARM.Collect$$_printf_percent$$0000000A  0x300000e4   Section        8  _printf_u.o(.ARM.Collect$$_printf_percent$$0000000A)
    .ARM.Collect$$_printf_percent$$0000000B  0x300000ec   Section        8  _printf_o.o(.ARM.Collect$$_printf_percent$$0000000B)
    .ARM.Collect$$_printf_percent$$0000000C  0x300000f4   Section        8  _printf_x.o(.ARM.Collect$$_printf_percent$$0000000C)
    .ARM.Collect$$_printf_percent$$0000000D  0x300000fc   Section        8  _printf_lli.o(.ARM.Collect$$_printf_percent$$0000000D)
    .ARM.Collect$$_printf_percent$$0000000E  0x30000104   Section        8  _printf_lld.o(.ARM.Collect$$_printf_percent$$0000000E)
    .ARM.Collect$$_printf_percent$$0000000F  0x3000010c   Section        8  _printf_llu.o(.ARM.Collect$$_printf_percent$$0000000F)
    .ARM.Collect$$_printf_percent$$00000010  0x30000114   Section        8  _printf_llo.o(.ARM.Collect$$_printf_percent$$00000010)
    .ARM.Collect$$_printf_percent$$00000011  0x3000011c   Section        8  _printf_llx.o(.ARM.Collect$$_printf_percent$$00000011)
    .ARM.Collect$$_printf_percent$$00000012  0x30000124   Section       12  _printf_l.o(.ARM.Collect$$_printf_percent$$00000012)
    .ARM.Collect$$_printf_percent$$00000013  0x30000130   Section        8  _printf_c.o(.ARM.Collect$$_printf_percent$$00000013)
    .ARM.Collect$$_printf_percent$$00000014  0x30000138   Section        8  _printf_s.o(.ARM.Collect$$_printf_percent$$00000014)
    .ARM.Collect$$_printf_percent$$00000015  0x30000140   Section        8  _printf_lc.o(.ARM.Collect$$_printf_percent$$00000015)
    .ARM.Collect$$_printf_percent$$00000016  0x30000148   Section        8  _printf_ls.o(.ARM.Collect$$_printf_percent$$00000016)
    .ARM.Collect$$_printf_percent$$00000017  0x30000150   Section        8  _printf_percent_end.o(.ARM.Collect$$_printf_percent$$00000017)
    .ARM.Collect$$libinit$$00000011          0x30000158   Section        0  libinit2.o(.ARM.Collect$$libinit$$00000011)
    .ARM.Collect$$libinit$$00000015          0x30000158   Section        0  libinit2.o(.ARM.Collect$$libinit$$00000015)
    .text                                    0x30000158   Section        0  main.o(.text)
    .text                                    0x30000170   Section        0  uart.o(.text)
    .text                                    0x30000258   Section        0  isr.o(.text)
    .text                                    0x30000340   Section        0  mmu.o(.text)
    .text                                    0x300005f0   Section        0  time.o(.text)
    .text                                    0x3000066c   Section        0  lcd.o(.text)
    .text                                    0x30000c08   Section        0  vsprintf.o(.text)
    .text                                    0x30000c2c   Section      160  strcmp.o(.text)
    .text                                    0x30000ccc   Section        0  _printf_pad.o(.text)
    .text                                    0x30000d1a   Section        0  _printf_truncate.o(.text)
    .text                                    0x30000d46   Section        0  _printf_str.o(.text)
    .text                                    0x30000da0   Section        0  _printf_dec.o(.text)
    .text                                    0x30000e14   Section        0  _printf_charcount.o(.text)
    .text                                    0x30000e3c   Section        0  _printf_char_common.o(.text)
    _printf_input_char                       0x30000e3d   Thumb Code    10  _printf_char_common.o(.text)
    .text                                    0x30000e6c   Section        0  _sputc.o(.text)
    .text                                    0x30000e78   Section        0  _printf_wctomb.o(.text)
    .text                                    0x30000f3c   Section        0  _printf_longlong_dec.o(.text)
    .text                                    0x30000fb4   Section        0  _printf_oct_int_ll.o(.text)
    _printf_longlong_oct_internal            0x30000fb5   Thumb Code     0  _printf_oct_int_ll.o(.text)
    .text                                    0x3000102c   Section        0  _printf_hex_int_ll_ptr.o(.text)
    _printf_hex_common                       0x3000102d   Thumb Code     0  _printf_hex_int_ll_ptr.o(.text)
    .text                                    0x300010c4   Section        0  __printf_flags_ss_wp.o(.text)
    .text                                    0x3000124c   Section      152  lludiv10.o(.text)
    .text                                    0x300012e4   Section        0  _printf_intcommon.o(.text)
    .text                                    0x30001394   Section        0  _printf_fp_dec.o(.text)
    _fp_digits                               0x30001397   Thumb Code   410  _printf_fp_dec.o(.text)
    .text                                    0x300017b0   Section        0  _printf_fp_hex.o(.text)
    .text                                    0x30001a88   Section        0  _printf_char.o(.text)
    .text                                    0x30001ac0   Section        0  _printf_wchar.o(.text)
    .text                                    0x30001aee   Section        0  _wcrtomb.o(.text)
    .text                                    0x30001b34   Section       44  rtudiv10.o(.text)
    .text                                    0x30001b60   Section       20  rt_ctype_table.o(.text)
    .text                                    0x30001b74   Section       12  rt_locale.o(.text)
    .text                                    0x30001b80   Section        0  _printf_fp_infnan.o(.text)
    .text                                    0x30001c08   Section        0  bigflt0.o(.text)
    .text                                    0x30001cdc   Section      380  aeabi_sdiv.o(.text)
    __arm_div8                               0x30001d08   ARM Code       0  aeabi_sdiv.o(.text)
    __arm_div5                               0x30001d2c   ARM Code       0  aeabi_sdiv.o(.text)
    __arm_div2                               0x30001d50   ARM Code       0  aeabi_sdiv.o(.text)
    __arm_div_large                          0x30001d8c   ARM Code       0  aeabi_sdiv.o(.text)
    C$$code                                  0x30001e58   Section      436  2440slib.o(C$$code)
    CL$$btod_d2e                             0x3000200c   Section       56  btod.o(CL$$btod_d2e)
    CL$$btod_d2e_denorm_low                  0x30002044   Section       84  btod.o(CL$$btod_d2e_denorm_low)
    CL$$btod_d2e_norm_op1                    0x30002098   Section      104  btod.o(CL$$btod_d2e_norm_op1)
    CL$$btod_div_common                      0x30002100   Section      840  btod.o(CL$$btod_div_common)
    CL$$btod_e2e                             0x30002448   Section      220  btod.o(CL$$btod_e2e)
    CL$$btod_ediv                            0x30002524   Section       48  btod.o(CL$$btod_ediv)
    CL$$btod_emul                            0x30002554   Section       48  btod.o(CL$$btod_emul)
    CL$$btod_mult_common                     0x30002584   Section      612  btod.o(CL$$btod_mult_common)
    i.__ARM_fpclassify                       0x30002818   Section        0  fpclassify.o(i.__ARM_fpclassify)
    i._is_digit                              0x30002848   Section        0  __printf_wp.o(i._is_digit)
    locale$$code                             0x30002858   Section       72  lc_numeric_c.o(locale$$code)
    locale$$code                             0x300028a0   Section       72  lc_ctype_c.o(locale$$code)
    x$fpl$ieeestatus                         0x300028e8   Section        8  istatus.o(x$fpl$ieeestatus)
    x$fpl$printf1                            0x300028f0   Section        4  printf1.o(x$fpl$printf1)
    x$fpl$printf2                            0x300028f4   Section        4  printf2.o(x$fpl$printf2)
    .constdata                               0x300028f8   Section    294408  chinese.o(.constdata)
    x$fpl$usenofp                            0x300028f8   Section        0  usenofp.o(x$fpl$usenofp)
    .constdata                               0x3004a700   Section     1728  ascii.o(.constdata)
    .constdata                               0x3004adc0   Section        8  _printf_wctomb.o(.constdata)
    initial_mbstate                          0x3004adc0   Data           8  _printf_wctomb.o(.constdata)
    .constdata                               0x3004adc8   Section       40  _printf_hex_int_ll_ptr.o(.constdata)
    uc_hextab                                0x3004adc8   Data          20  _printf_hex_int_ll_ptr.o(.constdata)
    lc_hextab                                0x3004addc   Data          20  _printf_hex_int_ll_ptr.o(.constdata)
    .constdata                               0x3004adf0   Section       17  __printf_flags_ss_wp.o(.constdata)
    maptable                                 0x3004adf0   Data          17  __printf_flags_ss_wp.o(.constdata)
    .constdata                               0x3004ae01   Section       38  _printf_fp_hex.o(.constdata)
    lc_hextab                                0x3004ae01   Data          19  _printf_fp_hex.o(.constdata)
    uc_hextab                                0x3004ae14   Data          19  _printf_fp_hex.o(.constdata)
    .constdata                               0x3004ae28   Section      148  bigflt0.o(.constdata)
    tenpwrs_x                                0x3004ae28   Data          60  bigflt0.o(.constdata)
    tenpwrs_i                                0x3004ae64   Data          64  bigflt0.o(.constdata)
    locale$$data                             0x3004aebc   Section       28  lc_numeric_c.o(locale$$data)
    __lcnum_c_name                           0x3004aec0   Data           2  lc_numeric_c.o(locale$$data)
    __lcnum_c_start                          0x3004aec8   Data           0  lc_numeric_c.o(locale$$data)
    __lcnum_c_point                          0x3004aed4   Data           0  lc_numeric_c.o(locale$$data)
    __lcnum_c_thousands                      0x3004aed6   Data           0  lc_numeric_c.o(locale$$data)
    __lcnum_c_grouping                       0x3004aed7   Data           0  lc_numeric_c.o(locale$$data)
    locale$$data                             0x3004aed8   Section      272  lc_ctype_c.o(locale$$data)
    __lcnum_c_end                            0x3004aed8   Data           0  lc_numeric_c.o(locale$$data)
    __lcctype_c_name                         0x3004aedc   Data           2  lc_ctype_c.o(locale$$data)
    __lcctype_c_start                        0x3004aee4   Data           0  lc_ctype_c.o(locale$$data)
    __lcctype_c_end                          0x3004afe8   Data           0  lc_ctype_c.o(locale$$data)
    .data                                    0x31000000   Section       12  isr.o(.data)
    .bss                                     0x3100000c   Section    307220  lcd.o(.bss)
    .bss                                     0x3104b020   Section       20  rt_locale.o(.bss)
    __rt_locale_data                         0x3104b020   Data          20  rt_locale.o(.bss)

    Global Symbols

    Symbol Name                              Value     Ov Type        Size  Object(Section)

    BuildAttributes$$THM_ISAv2$ARM_ISAv5$E$P$J$S$PE$A:L22$X:L11$S22$IEEE1$IW$~IW$USESV6$~STKCKD$USESV7$~SHL$OTIME$ROPI$IEEEJ$EBA8$STANDARDLIB$REQ8$PRES8$EABIv2 0x00000000   Number         0  anon$$obj.o ABSOLUTE
    _printf_flags                            0x00000000   Number         0  printf_stubs.o ABSOLUTE
    _printf_return_value                     0x00000000   Number         0  printf_stubs.o ABSOLUTE
    _printf_sizespec                         0x00000000   Number         0  printf_stubs.o ABSOLUTE
    _printf_widthprec                        0x00000000   Number         0  printf_stubs.o ABSOLUTE
    __ARM_exceptions_init                     - Undefined Weak Reference
    __alloca_initialize                       - Undefined Weak Reference
    __cpp_initialize__aeabi_                  - Undefined Weak Reference
    __sigvec_lookup                           - Undefined Weak Reference
    _atexit_init                              - Undefined Weak Reference
    _clock_init                               - Undefined Weak Reference
    _fp_trap_init                             - Undefined Weak Reference
    _get_lc_collate                           - Undefined Weak Reference
    _get_lc_monetary                          - Undefined Weak Reference
    _get_lc_time                              - Undefined Weak Reference
    _getenv_init                              - Undefined Weak Reference
    _handle_redirection                       - Undefined Weak Reference
    _init_alloc                               - Undefined Weak Reference
    _init_user_alloc                          - Undefined Weak Reference
    _initio                                   - Undefined Weak Reference
    _printf_mbtowc                            - Undefined Weak Reference
    _printf_wc                                - Undefined Weak Reference
    _rand_init                                - Undefined Weak Reference
    _signal_init                              - Undefined Weak Reference
    _printf_n                                0x30000098   ARM Code       0  _printf_n.o(.ARM.Collect$$_printf_percent$$00000001)
    _printf_percent                          0x30000098   ARM Code       0  _printf_percent.o(.ARM.Collect$$_printf_percent$$00000000)
    _printf_p                                0x300000a0   ARM Code       0  _printf_p.o(.ARM.Collect$$_printf_percent$$00000002)
    _printf_f                                0x300000a8   ARM Code       0  _printf_f.o(.ARM.Collect$$_printf_percent$$00000003)
    _printf_e                                0x300000b0   ARM Code       0  _printf_e.o(.ARM.Collect$$_printf_percent$$00000004)
    _printf_g                                0x300000b8   ARM Code       0  _printf_g.o(.ARM.Collect$$_printf_percent$$00000005)
    _printf_a                                0x300000c0   ARM Code       0  _printf_a.o(.ARM.Collect$$_printf_percent$$00000006)
    _printf_ll                               0x300000c8   ARM Code       0  _printf_ll.o(.ARM.Collect$$_printf_percent$$00000007)
    _printf_i                                0x300000d4   ARM Code       0  _printf_i.o(.ARM.Collect$$_printf_percent$$00000008)
    _printf_d                                0x300000dc   ARM Code       0  _printf_d.o(.ARM.Collect$$_printf_percent$$00000009)
    _printf_u                                0x300000e4   ARM Code       0  _printf_u.o(.ARM.Collect$$_printf_percent$$0000000A)
    _printf_o                                0x300000ec   ARM Code       0  _printf_o.o(.ARM.Collect$$_printf_percent$$0000000B)
    _printf_x                                0x300000f4   ARM Code       0  _printf_x.o(.ARM.Collect$$_printf_percent$$0000000C)
    _printf_lli                              0x300000fc   ARM Code       0  _printf_lli.o(.ARM.Collect$$_printf_percent$$0000000D)
    _printf_lld                              0x30000104   ARM Code       0  _printf_lld.o(.ARM.Collect$$_printf_percent$$0000000E)
    _printf_llu                              0x3000010c   ARM Code       0  _printf_llu.o(.ARM.Collect$$_printf_percent$$0000000F)
    _printf_llo                              0x30000114   ARM Code       0  _printf_llo.o(.ARM.Collect$$_printf_percent$$00000010)
    _printf_llx                              0x3000011c   ARM Code       0  _printf_llx.o(.ARM.Collect$$_printf_percent$$00000011)
    _printf_l                                0x30000124   ARM Code       0  _printf_l.o(.ARM.Collect$$_printf_percent$$00000012)
    _printf_c                                0x30000130   ARM Code       0  _printf_c.o(.ARM.Collect$$_printf_percent$$00000013)
    _printf_s                                0x30000138   ARM Code       0  _printf_s.o(.ARM.Collect$$_printf_percent$$00000014)
    _printf_lc                               0x30000140   ARM Code       0  _printf_lc.o(.ARM.Collect$$_printf_percent$$00000015)
    _printf_ls                               0x30000148   ARM Code       0  _printf_ls.o(.ARM.Collect$$_printf_percent$$00000016)
    _printf_percent_end                      0x30000150   ARM Code       0  _printf_percent_end.o(.ARM.Collect$$_printf_percent$$00000017)
    Main                                     0x30000158   ARM Code      24  main.o(.text)
    __rt_lib_init_lc_ctype_2                 0x30000159   Thumb Code     0  libinit2.o(.ARM.Collect$$libinit$$00000011)
    __rt_lib_init_lc_numeric_2               0x30000159   Thumb Code     0  libinit2.o(.ARM.Collect$$libinit$$00000015)
    uart_init                                0x30000170   ARM Code      68  uart.o(.text)
    uart_send_byte                           0x300001b4   ARM Code      32  uart.o(.text)
    uart_recv_byte                           0x300001d4   ARM Code      32  uart.o(.text)
    uart_send_str                            0x300001f4   ARM Code      40  uart.o(.text)
    uart_recv_str                            0x3000021c   ARM Code      56  uart.o(.text)
    do_irq                                   0x30000258   ARM Code     200  isr.o(.text)
    MMU_SetMTT                               0x30000340   ARM Code      88  mmu.o(.text)
    MMU_Init                                 0x30000398   ARM Code     420  mmu.o(.text)
    ChangeRomCacheStatus                     0x3000053c   ARM Code     136  mmu.o(.text)
    time0_init                               0x300005f0   ARM Code     120  time.o(.text)
    lcd_init                                 0x3000066c   ARM Code     128  lcd.o(.text)
    lcd_clear                                0x300006ec   ARM Code      64  lcd.o(.text)
    lcd_dis_bmp                              0x3000072c   ARM Code     116  lcd.o(.text)
    lcd_dis_char                             0x300007a0   ARM Code     216  lcd.o(.text)
    lcd_dis_chinese                          0x30000878   ARM Code     376  lcd.o(.text)
    lcd_dis_str                              0x300009f0   ARM Code      80  lcd.o(.text)
    lcd_dis_chinese_str                      0x30000a40   ARM Code     164  lcd.o(.text)
    lcd_dis_All                              0x30000ae4   ARM Code     176  lcd.o(.text)
    lcd_printf                               0x30000b94   ARM Code      72  lcd.o(.text)
    vsprintf                                 0x30000c09   Thumb Code    32  vsprintf.o(.text)
    strcmp                                   0x30000c2c   ARM Code     156  strcmp.o(.text)
    _printf_pre_padding                      0x30000ccd   Thumb Code    44  _printf_pad.o(.text)
    _printf_post_padding                     0x30000cf9   Thumb Code    34  _printf_pad.o(.text)
    _printf_truncate_signed                  0x30000d1b   Thumb Code    22  _printf_truncate.o(.text)
    _printf_truncate_unsigned                0x30000d31   Thumb Code    22  _printf_truncate.o(.text)
    _printf_str                              0x30000d47   Thumb Code    82  _printf_str.o(.text)
    Inline ARM to Thumb Veneer to _printf_int_dec 0x30000d98   ARM Code       8  _printf_dec.o(.text)
    _printf_int_dec                          0x30000da1   Thumb Code    90  _printf_dec.o(.text)
    Inline ARM to Thumb Veneer to _printf_charcount 0x30000e0c   ARM Code       8  _printf_charcount.o(.text)
    _printf_charcount                        0x30000e15   Thumb Code    40  _printf_charcount.o(.text)
    _printf_char_common                      0x30000e47   Thumb Code    32  _printf_char_common.o(.text)
    _sputc                                   0x30000e6d   Thumb Code    10  _sputc.o(.text)
    _printf_wctomb                           0x30000e79   Thumb Code   182  _printf_wctomb.o(.text)
    Inline ARM to Thumb Veneer to _printf_longlong_dec 0x30000f34   ARM Code       8  _printf_longlong_dec.o(.text)
    _printf_longlong_dec                     0x30000f3d   Thumb Code    94  _printf_longlong_dec.o(.text)
    Inline ARM to Thumb Veneer to _printf_int_oct 0x30000fac   ARM Code       8  _printf_oct_int_ll.o(.text)
    _printf_longlong_oct                     0x30000fb5   Thumb Code    68  _printf_oct_int_ll.o(.text)
    _printf_int_oct                          0x30000ff9   Thumb Code    24  _printf_oct_int_ll.o(.text)
    _printf_ll_oct                           0x30001011   Thumb Code    10  _printf_oct_int_ll.o(.text)
    Inline ARM to Thumb Veneer to _printf_hex_ptr 0x30001024   ARM Code       8  _printf_hex_int_ll_ptr.o(.text)
    _printf_longlong_hex                     0x3000102d   Thumb Code    88  _printf_hex_int_ll_ptr.o(.text)
    _printf_int_hex                          0x30001085   Thumb Code    28  _printf_hex_int_ll_ptr.o(.text)
    _printf_ll_hex                           0x300010a1   Thumb Code    10  _printf_hex_int_ll_ptr.o(.text)
    _printf_hex_ptr                          0x300010ab   Thumb Code    22  _printf_hex_int_ll_ptr.o(.text)
    __printf                                 0x300010c5   Thumb Code   386  __printf_flags_ss_wp.o(.text)
    _ll_udiv10                               0x3000124c   ARM Code     152  lludiv10.o(.text)
    _printf_int_common                       0x300012e5   Thumb Code   176  _printf_intcommon.o(.text)
    __lib_sel_fp_printf                      0x30001395   Thumb Code     2  _printf_fp_dec.o(.text)
    _printf_fp_dec_real                      0x30001531   Thumb Code   618  _printf_fp_dec.o(.text)
    Inline ARM to Thumb Veneer to _printf_fp_hex_real 0x300017a8   ARM Code       8  _printf_fp_hex.o(.text)
    _printf_fp_hex_real                      0x300017b1   Thumb Code   712  _printf_fp_hex.o(.text)
    Inline ARM to Thumb Veneer to _printf_char 0x30001a80   ARM Code       8  _printf_char.o(.text)
    _printf_cs_common                        0x30001a89   Thumb Code    22  _printf_char.o(.text)
    _printf_char                             0x30001a9f   Thumb Code    16  _printf_char.o(.text)
    _printf_string                           0x30001aaf   Thumb Code     8  _printf_char.o(.text)
    Inline ARM to Thumb Veneer to _printf_wchar 0x30001ab8   ARM Code       8  _printf_wchar.o(.text)
    _printf_lcs_common                       0x30001ac1   Thumb Code    22  _printf_wchar.o(.text)
    _printf_wchar                            0x30001ad7   Thumb Code    16  _printf_wchar.o(.text)
    _printf_wstring                          0x30001ae7   Thumb Code     8  _printf_wchar.o(.text)
    _wcrtomb                                 0x30001aef   Thumb Code    68  _wcrtomb.o(.text)
    __rt_udiv10                              0x30001b34   ARM Code      44  rtudiv10.o(.text)
    __rt_ctype_table                         0x30001b60   ARM Code      20  rt_ctype_table.o(.text)
    __rt_locale                              0x30001b74   ARM Code      12  rt_locale.o(.text)
    _printf_fp_infnan                        0x30001b81   Thumb Code   120  _printf_fp_infnan.o(.text)
    _btod_etento                             0x30001c09   Thumb Code   206  bigflt0.o(.text)
    __aeabi_idiv                             0x30001cdc   ARM Code       0  aeabi_sdiv.o(.text)
    __aeabi_idivmod                          0x30001cdc   ARM Code     380  aeabi_sdiv.o(.text)
    EnterCritical                            0x30001e58   ARM Code       0  2440slib.o(C$$code)
    ExitCritical                             0x30001e6c   ARM Code       0  2440slib.o(C$$code)
    SET_IF                                   0x30001e78   ARM Code       0  2440slib.o(C$$code)
    WR_IF                                    0x30001e8c   ARM Code       0  2440slib.o(C$$code)
    CLR_IF                                   0x30001e94   ARM Code       0  2440slib.o(C$$code)
    outportw                                 0x30001ea4   ARM Code       4  2440slib.o(C$$code)
    inportw                                  0x30001eac   ARM Code       4  2440slib.o(C$$code)
    MMU_EnableICache                         0x30001eb4   ARM Code       0  2440slib.o(C$$code)
    MMU_DisableICache                        0x30001ec4   ARM Code       0  2440slib.o(C$$code)
    MMU_EnableDCache                         0x30001ed4   ARM Code       0  2440slib.o(C$$code)
    MMU_DisableDCache                        0x30001ee4   ARM Code       0  2440slib.o(C$$code)
    MMU_EnableAlignFault                     0x30001ef4   ARM Code       0  2440slib.o(C$$code)
    MMU_DisableAlignFault                    0x30001f04   ARM Code       0  2440slib.o(C$$code)
    MMU_EnableMMU                            0x30001f14   ARM Code       0  2440slib.o(C$$code)
    MMU_DisableMMU                           0x30001f24   ARM Code       0  2440slib.o(C$$code)
    MMU_SetFastBusMode                       0x30001f34   ARM Code       0  2440slib.o(C$$code)
    MMU_SetAsyncBusMode                      0x30001f44   ARM Code       0  2440slib.o(C$$code)
    MMU_SetTTBase                            0x30001f54   ARM Code       0  2440slib.o(C$$code)
    MMU_SetDomain                            0x30001f5c   ARM Code       0  2440slib.o(C$$code)
    MMU_InvalidateIDCache                    0x30001f64   ARM Code       0  2440slib.o(C$$code)
    MMU_InvalidateICache                     0x30001f6c   ARM Code       0  2440slib.o(C$$code)
    MMU_InvalidateICacheMVA                  0x30001f74   ARM Code       0  2440slib.o(C$$code)
    MMU_PrefetchICacheMVA                    0x30001f7c   ARM Code       0  2440slib.o(C$$code)
    MMU_InvalidateDCache                     0x30001f84   ARM Code       0  2440slib.o(C$$code)
    MMU_InvalidateDCacheMVA                  0x30001f8c   ARM Code       0  2440slib.o(C$$code)
    MMU_CleanDCacheMVA                       0x30001f94   ARM Code       0  2440slib.o(C$$code)
    MMU_CleanInvalidateDCacheMVA             0x30001f9c   ARM Code       0  2440slib.o(C$$code)
    MMU_CleanDCacheIndex                     0x30001fa4   ARM Code       0  2440slib.o(C$$code)
    MMU_CleanInvalidateDCacheIndex           0x30001fac   ARM Code       0  2440slib.o(C$$code)
    MMU_WaitForInterrupt                     0x30001fb4   ARM Code       0  2440slib.o(C$$code)
    MMU_InvalidateTLB                        0x30001fbc   ARM Code       0  2440slib.o(C$$code)
    MMU_InvalidateITLB                       0x30001fc4   ARM Code       0  2440slib.o(C$$code)
    MMU_InvalidateITLBMVA                    0x30001fcc   ARM Code       0  2440slib.o(C$$code)
    MMU_InvalidateDTLB                       0x30001fd4   ARM Code       0  2440slib.o(C$$code)
    MMU_InvalidateDTLBMVA                    0x30001fdc   ARM Code       0  2440slib.o(C$$code)
    MMU_SetDCacheLockdownBase                0x30001fe4   ARM Code       0  2440slib.o(C$$code)
    MMU_SetICacheLockdownBase                0x30001fec   ARM Code       0  2440slib.o(C$$code)
    MMU_SetDTLBLockdown                      0x30001ff4   ARM Code       0  2440slib.o(C$$code)
    MMU_SetITLBLockdown                      0x30001ffc   ARM Code       0  2440slib.o(C$$code)
    MMU_SetProcessId                         0x30002004   ARM Code       0  2440slib.o(C$$code)
    _btod_d2e                                0x3000200c   ARM Code      56  btod.o(CL$$btod_d2e)
    _d2e_denorm_low                          0x30002044   ARM Code      84  btod.o(CL$$btod_d2e_denorm_low)
    _d2e_norm_op1                            0x30002098   ARM Code     104  btod.o(CL$$btod_d2e_norm_op1)
    __btod_div_common                        0x30002100   ARM Code     712  btod.o(CL$$btod_div_common)
    _e2e                                     0x30002448   ARM Code     220  btod.o(CL$$btod_e2e)
    _btod_ediv                               0x30002524   ARM Code      48  btod.o(CL$$btod_ediv)
    _btod_emul                               0x30002554   ARM Code      48  btod.o(CL$$btod_emul)
    __btod_mult_common                       0x30002584   ARM Code     612  btod.o(CL$$btod_mult_common)
    Long ARM to Thumb Veneer to _printf_int_hex 0x300027e8   ARM Code       8  anon$$obj.o(Veneer$$Code)
    Long ARM to Thumb Veneer to _printf_ll_oct 0x300027f0   ARM Code       8  anon$$obj.o(Veneer$$Code)
    Long ARM to Thumb Veneer to _printf_ll_hex 0x300027f8   ARM Code       8  anon$$obj.o(Veneer$$Code)
    Long ARM to Thumb Veneer to _printf_string 0x30002800   ARM Code       8  anon$$obj.o(Veneer$$Code)
    Long ARM to Thumb Veneer to _printf_wstring 0x30002808   ARM Code       8  anon$$obj.o(Veneer$$Code)
    Long ARM to Thumb Veneer to _printf_fp_dec_real 0x30002810   ARM Code       8  anon$$obj.o(Veneer$$Code)
    __ARM_fpclassify                         0x30002818   ARM Code      44  fpclassify.o(i.__ARM_fpclassify)
    _is_digit                                0x30002849   Thumb Code    14  __printf_wp.o(i._is_digit)
    _get_lc_numeric                          0x30002858   ARM Code      72  lc_numeric_c.o(locale$$code)
    _get_lc_ctype                            0x300028a0   ARM Code      72  lc_ctype_c.o(locale$$code)
    __ieee_status                            0x300028e8   ARM Code       8  istatus.o(x$fpl$ieeestatus)
    _printf_fp_dec                           0x300028f0   ARM Code       4  printf1.o(x$fpl$printf1)
    _printf_fp_hex                           0x300028f4   ARM Code       4  printf2.o(x$fpl$printf2)
    __I$use$fp                               0x300028f8   Number         0  usenofp.o(x$fpl$usenofp)
    chinese                                  0x300028f8   Data       294408  chinese.o(.constdata)
    ascii                                    0x3004a700   Data        1728  ascii.o(.constdata)
    __ctype                                  0x3004aee5   Data           0  lc_ctype_c.o(locale$$data)
    Image$$ER_ROM1$$RO$$Limit                0x3004afe8   Number         0  lc_ctype_c.o(locale$$data)
    Image$$RW_RAM1$$RW$$Base                 0x31000000   Number         0  isr.o(.data)
    hour                                     0x31000000   Data           4  isr.o(.data)
    min                                      0x31000004   Data           4  isr.o(.data)
    sec                                      0x31000008   Data           4  isr.o(.data)
    Image$$RW_RAM1$$ZI$$Base                 0x3100000c   Number         0  lcd.o(.bss)
    lcd_Buf                                  0x3100000c   Data          20  lcd.o(.bss)
    FRAME_BUF                                0x31000020   Data       307200  lcd.o(.bss)
    Image$$RW_RAM1$$ZI$$Limit                0x3104b034   Number         0  rt_locale.o(.bss)



==============================================================================

Memory Map of the image

  Image Entry point : 0x30000000

  Load Region LR_ROM1 (Base: 0x30000000, Size: 0x0004aff4, Max: 0x01000000, ABSOLUTE)

    Execution Region ER_ROM1 (Base: 0x30000000, Size: 0x0004afe8, Max: 0x01000000, ABSOLUTE)

    Base Addr    Size         Type   Attr      Idx    E Section Name        Object

    0x30000000   0x00000098   Code   RO            1  * Init                start.o
    0x30000098   0x00000000   Code   RO          281    .ARM.Collect$$_printf_percent$$00000000  c_5.l(_printf_percent.o)
    0x30000098   0x00000008   Code   RO          270    .ARM.Collect$$_printf_percent$$00000001  c_5.l(_printf_n.o)
    0x300000a0   0x00000008   Code   RO          272    .ARM.Collect$$_printf_percent$$00000002  c_5.l(_printf_p.o)
    0x300000a8   0x00000008   Code   RO          277    .ARM.Collect$$_printf_percent$$00000003  c_5.l(_printf_f.o)
    0x300000b0   0x00000008   Code   RO          278    .ARM.Collect$$_printf_percent$$00000004  c_5.l(_printf_e.o)
    0x300000b8   0x00000008   Code   RO          279    .ARM.Collect$$_printf_percent$$00000005  c_5.l(_printf_g.o)
    0x300000c0   0x00000008   Code   RO          280    .ARM.Collect$$_printf_percent$$00000006  c_5.l(_printf_a.o)
    0x300000c8   0x0000000c   Code   RO          285    .ARM.Collect$$_printf_percent$$00000007  c_5.l(_printf_ll.o)
    0x300000d4   0x00000008   Code   RO          274    .ARM.Collect$$_printf_percent$$00000008  c_5.l(_printf_i.o)
    0x300000dc   0x00000008   Code   RO          275    .ARM.Collect$$_printf_percent$$00000009  c_5.l(_printf_d.o)
    0x300000e4   0x00000008   Code   RO          276    .ARM.Collect$$_printf_percent$$0000000A  c_5.l(_printf_u.o)
    0x300000ec   0x00000008   Code   RO          273    .ARM.Collect$$_printf_percent$$0000000B  c_5.l(_printf_o.o)
    0x300000f4   0x00000008   Code   RO          271    .ARM.Collect$$_printf_percent$$0000000C  c_5.l(_printf_x.o)
    0x300000fc   0x00000008   Code   RO          282    .ARM.Collect$$_printf_percent$$0000000D  c_5.l(_printf_lli.o)
    0x30000104   0x00000008   Code   RO          283    .ARM.Collect$$_printf_percent$$0000000E  c_5.l(_printf_lld.o)
    0x3000010c   0x00000008   Code   RO          284    .ARM.Collect$$_printf_percent$$0000000F  c_5.l(_printf_llu.o)
    0x30000114   0x00000008   Code   RO          289    .ARM.Collect$$_printf_percent$$00000010  c_5.l(_printf_llo.o)
    0x3000011c   0x00000008   Code   RO          290    .ARM.Collect$$_printf_percent$$00000011  c_5.l(_printf_llx.o)
    0x30000124   0x0000000c   Code   RO          286    .ARM.Collect$$_printf_percent$$00000012  c_5.l(_printf_l.o)
    0x30000130   0x00000008   Code   RO          268    .ARM.Collect$$_printf_percent$$00000013  c_5.l(_printf_c.o)
    0x30000138   0x00000008   Code   RO          269    .ARM.Collect$$_printf_percent$$00000014  c_5.l(_printf_s.o)
    0x30000140   0x00000008   Code   RO          287    .ARM.Collect$$_printf_percent$$00000015  c_5.l(_printf_lc.o)
    0x30000148   0x00000008   Code   RO          288    .ARM.Collect$$_printf_percent$$00000016  c_5.l(_printf_ls.o)
    0x30000150   0x00000008   Code   RO          314    .ARM.Collect$$_printf_percent$$00000017  c_5.l(_printf_percent_end.o)
    0x30000158   0x00000000   Code   RO          400    .ARM.Collect$$libinit$$00000011  c_5.l(libinit2.o)
    0x30000158   0x00000000   Code   RO          404    .ARM.Collect$$libinit$$00000015  c_5.l(libinit2.o)
    0x30000158   0x00000018   Code   RO            6    .text               main.o
    0x30000170   0x000000e8   Code   RO           67    .text               uart.o
    0x30000258   0x000000e8   Code   RO           94    .text               isr.o
    0x30000340   0x000002b0   Code   RO          112    .text               mmu.o
    0x300005f0   0x0000007c   Code   RO          136    .text               time.o
    0x3000066c   0x0000059c   Code   RO          164    .text               lcd.o
    0x30000c08   0x00000024   Code   RO          196    .text               c_5.l(vsprintf.o)
    0x30000c2c   0x000000a0   Code   RO          198    .text               c_5.l(strcmp.o)
    0x30000ccc   0x0000004e   Code   RO          202    .text               c_5.l(_printf_pad.o)
    0x30000d1a   0x0000002c   Code   RO          204    .text               c_5.l(_printf_truncate.o)
    0x30000d46   0x00000052   Code   RO          206    .text               c_5.l(_printf_str.o)
    0x30000d98   0x00000008   Ven    RO          208    .text               c_5.l(_printf_dec.o)
    0x30000da0   0x0000006c   Code   RO          208    .text               c_5.l(_printf_dec.o)
    0x30000e0c   0x00000008   Ven    RO          210    .text               c_5.l(_printf_charcount.o)
    0x30000e14   0x00000028   Code   RO          210    .text               c_5.l(_printf_charcount.o)
    0x30000e3c   0x00000030   Code   RO          212    .text               c_5.l(_printf_char_common.o)
    0x30000e6c   0x0000000a   Code   RO          214    .text               c_5.l(_sputc.o)
    0x30000e76   0x00000002   PAD
    0x30000e78   0x000000bc   Code   RO          216    .text               c_5.l(_printf_wctomb.o)
    0x30000f34   0x00000008   Ven    RO          219    .text               c_5.l(_printf_longlong_dec.o)
    0x30000f3c   0x00000070   Code   RO          219    .text               c_5.l(_printf_longlong_dec.o)
    0x30000fac   0x00000008   Ven    RO          225    .text               c_5.l(_printf_oct_int_ll.o)
    0x30000fb4   0x00000070   Code   RO          225    .text               c_5.l(_printf_oct_int_ll.o)
    0x30001024   0x00000008   Ven    RO          245    .text               c_5.l(_printf_hex_int_ll_ptr.o)
    0x3000102c   0x00000098   Code   RO          245    .text               c_5.l(_printf_hex_int_ll_ptr.o)
    0x300010c4   0x00000188   Code   RO          265    .text               c_5.l(__printf_flags_ss_wp.o)
    0x3000124c   0x00000098   Code   RO          299    .text               c_5.l(lludiv10.o)
    0x300012e4   0x000000b0   Code   RO          301    .text               c_5.l(_printf_intcommon.o)
    0x30001394   0x00000414   Code   RO          303    .text               c_5.l(_printf_fp_dec.o)
    0x300017a8   0x00000008   Ven    RO          305    .text               c_5.l(_printf_fp_hex.o)
    0x300017b0   0x000002d0   Code   RO          305    .text               c_5.l(_printf_fp_hex.o)
    0x30001a80   0x00000008   Ven    RO          310    .text               c_5.l(_printf_char.o)
    0x30001a88   0x0000002e   Code   RO          310    .text               c_5.l(_printf_char.o)
    0x30001ab6   0x00000002   PAD
    0x30001ab8   0x00000008   Ven    RO          312    .text               c_5.l(_printf_wchar.o)
    0x30001ac0   0x0000002e   Code   RO          312    .text               c_5.l(_printf_wchar.o)
    0x30001aee   0x00000044   Code   RO          315    .text               c_5.l(_wcrtomb.o)
    0x30001b32   0x00000002   PAD
    0x30001b34   0x0000002c   Code   RO          317    .text               c_5.l(rtudiv10.o)
    0x30001b60   0x00000014   Code   RO          319    .text               c_5.l(rt_ctype_table.o)
    0x30001b74   0x0000000c   Code   RO          321    .text               c_5.l(rt_locale.o)
    0x30001b80   0x00000088   Code   RO          326    .text               c_5.l(_printf_fp_infnan.o)
    0x30001c08   0x000000d4   Code   RO          328    .text               c_5.l(bigflt0.o)
    0x30001cdc   0x0000017c   Code   RO          356    .text               c_5.l(aeabi_sdiv.o)
    0x30001e58   0x000001b4   Code   RO          133    C$$code             2440slib.o
    0x3000200c   0x00000038   Code   RO          331    CL$$btod_d2e        c_5.l(btod.o)
    0x30002044   0x00000054   Code   RO          333    CL$$btod_d2e_denorm_low  c_5.l(btod.o)
    0x30002098   0x00000068   Code   RO          332    CL$$btod_d2e_norm_op1  c_5.l(btod.o)
    0x30002100   0x00000348   Code   RO          341    CL$$btod_div_common  c_5.l(btod.o)
    0x30002448   0x000000dc   Code   RO          338    CL$$btod_e2e        c_5.l(btod.o)
    0x30002524   0x00000030   Code   RO          335    CL$$btod_ediv       c_5.l(btod.o)
    0x30002554   0x00000030   Code   RO          334    CL$$btod_emul       c_5.l(btod.o)
    0x30002584   0x00000264   Code   RO          340    CL$$btod_mult_common  c_5.l(btod.o)
    0x300027e8   0x00000008   Ven    RO          496    Veneer$$Code        anon$$obj.o
    0x300027f0   0x00000008   Ven    RO          497    Veneer$$Code        anon$$obj.o
    0x300027f8   0x00000008   Ven    RO          498    Veneer$$Code        anon$$obj.o
    0x30002800   0x00000008   Ven    RO          499    Veneer$$Code        anon$$obj.o
    0x30002808   0x00000008   Ven    RO          500    Veneer$$Code        anon$$obj.o
    0x30002810   0x00000008   Ven    RO          501    Veneer$$Code        anon$$obj.o
    0x30002818   0x00000030   Code   RO          375    i.__ARM_fpclassify  m_5s.l(fpclassify.o)
    0x30002848   0x0000000e   Code   RO          258    i._is_digit         c_5.l(__printf_wp.o)
    0x30002856   0x00000002   PAD
    0x30002858   0x00000048   Code   RO          354    locale$$code        c_5.l(lc_numeric_c.o)
    0x300028a0   0x00000048   Code   RO          385    locale$$code        c_5.l(lc_ctype_c.o)
    0x300028e8   0x00000008   Code   RO          372    x$fpl$ieeestatus    fz_5s.l(istatus.o)
    0x300028f0   0x00000004   Code   RO          291    x$fpl$printf1       fz_5s.l(printf1.o)
    0x300028f4   0x00000004   Code   RO          293    x$fpl$printf2       fz_5s.l(printf2.o)
    0x300028f8   0x00000000   Code   RO          374    x$fpl$usenofp       fz_5s.l(usenofp.o)
    0x300028f8   0x00047e08   Data   RO          148    .constdata          chinese.o
    0x3004a700   0x000006c0   Data   RO          156    .constdata          ascii.o
    0x3004adc0   0x00000008   Data   RO          217    .constdata          c_5.l(_printf_wctomb.o)
    0x3004adc8   0x00000028   Data   RO          246    .constdata          c_5.l(_printf_hex_int_ll_ptr.o)
    0x3004adf0   0x00000011   Data   RO          266    .constdata          c_5.l(__printf_flags_ss_wp.o)
    0x3004ae01   0x00000026   Data   RO          306    .constdata          c_5.l(_printf_fp_hex.o)
    0x3004ae27   0x00000001   PAD
    0x3004ae28   0x00000094   Data   RO          329    .constdata          c_5.l(bigflt0.o)
    0x3004aebc   0x0000001c   Data   RO          353    locale$$data        c_5.l(lc_numeric_c.o)
    0x3004aed8   0x00000110   Data   RO          384    locale$$data        c_5.l(lc_ctype_c.o)


    Execution Region RW_RAM1 (Base: 0x31000000, Size: 0x0004b034, Max: 0x01000000, ABSOLUTE)

    Base Addr    Size         Type   Attr      Idx    E Section Name        Object

    0x31000000   0x0000000c   Data   RW           95    .data               isr.o
    0x3100000c   0x0004b014   Zero   RW          165    .bss                lcd.o
    0x3104b020   0x00000014   Zero   RW          322    .bss                c_5.l(rt_locale.o)


    Execution Region RW_IRAM1 (Base: 0x40000000, Size: 0x00000000, Max: 0x00001000, ABSOLUTE)

    **** No section assigned to this execution region ****


==============================================================================

Image component sizes


      Code (inc. data)   RO Data    RW Data    ZI Data      Debug   Object Name

       436          0          0          0          0        308   2440slib.o
         0          0       1728          0          0        336   ascii.o
         0          0     294408          0          0        354   chinese.o
       232         32          0         12          0        548   isr.o
      1436         44          0          0     307220       3757   lcd.o
        24          0          0          0          0       1971   main.o
       688         44          0          0          0       1067   mmu.o
       152         24          0          0          0        204   start.o
       124          4          0          0          0        333   time.o
       232          4          0          0          0       1058   uart.o

    ----------------------------------------------------------------------
      3372        176     296136         12     307220       9936   Object Totals
        48         24          0          0          0          0   (incl. Generated)
         0          0          0          0          0          0   (incl. Padding)

    ----------------------------------------------------------------------

      Code (inc. data)   RO Data    RW Data    ZI Data      Debug   Library Member Name

       392          6         17          0          0         76   __printf_flags_ss_wp.o
        14          0          0          0          0         60   __printf_wp.o
         8          0          0          0          0          0   _printf_a.o
         8          0          0          0          0          0   _printf_c.o
        54          0          0          0          0        100   _printf_char.o
        48          6          0          0          0         88   _printf_char_common.o
        48          0          0          0          0         60   _printf_charcount.o
         8          0          0          0          0          0   _printf_d.o
       116         18          0          0          0         76   _printf_dec.o
         8          0          0          0          0          0   _printf_e.o
         8          0          0          0          0          0   _printf_f.o
      1044         14          0          0          0        172   _printf_fp_dec.o
       728          8         38          0          0         84   _printf_fp_hex.o
       136         16          0          0          0         76   _printf_fp_infnan.o
         8          0          0          0          0          0   _printf_g.o
       160          4         40          0          0        148   _printf_hex_int_ll_ptr.o
         8          0          0          0          0          0   _printf_i.o
       176          0          0          0          0         80   _printf_intcommon.o
        12          0          0          0          0          0   _printf_l.o
         8          0          0          0          0          0   _printf_lc.o
        12          0          0          0          0          0   _printf_ll.o
         8          0          0          0          0          0   _printf_lld.o
         8          0          0          0          0          0   _printf_lli.o
         8          0          0          0          0          0   _printf_llo.o
         8          0          0          0          0          0   _printf_llu.o
         8          0          0          0          0          0   _printf_llx.o
       120         18          0          0          0         76   _printf_longlong_dec.o
         8          0          0          0          0          0   _printf_ls.o
         8          0          0          0          0          0   _printf_n.o
         8          0          0          0          0          0   _printf_o.o
       120         10          0          0          0        112   _printf_oct_int_ll.o
         8          0          0          0          0          0   _printf_p.o
        78          0          0          0          0        100   _printf_pad.o
         0          0          0          0          0          0   _printf_percent.o
         8          0          0          0          0          0   _printf_percent_end.o
         8          0          0          0          0          0   _printf_s.o
        82          0          0          0          0         72   _printf_str.o
        44          0          0          0          0         76   _printf_truncate.o
         8          0          0          0          0          0   _printf_u.o
        54          0          0          0          0        100   _printf_wchar.o
       188          6          8          0          0         80   _printf_wctomb.o
         8          0          0          0          0          0   _printf_x.o
        10          0          0          0          0         60   _sputc.o
        68          0          0          0          0         72   _wcrtomb.o
       380          0          0          0          0         76   aeabi_sdiv.o
       212          6        148          0          0         80   bigflt0.o
      2012        128          0          0          0        672   btod.o
        72          8        272          0          0         76   lc_ctype_c.o
        72          8         28          0          0         76   lc_numeric_c.o
         0          0          0          0          0          0   libinit2.o
       152          0          0          0          0         80   lludiv10.o
        20          4          0          0          0         76   rt_ctype_table.o
        12          4          0          0         20         68   rt_locale.o
        44          0          0          0          0         68   rtudiv10.o
       160          4          0          0          0         80   strcmp.o
        36          4          0          0          0         68   vsprintf.o
         8          0          0          0          0         68   istatus.o
         4          0          0          0          0         68   printf1.o
         4          0          0          0          0         68   printf2.o
         0          0          0          0          0          0   usenofp.o
        48          4          0          0          0         68   fpclassify.o

    ----------------------------------------------------------------------
      7116        276        552          0         20       3460   Library Totals
         8          0          1          0          0          0   (incl. Padding)

    ----------------------------------------------------------------------

      Code (inc. data)   RO Data    RW Data    ZI Data      Debug   Library Name

      7044        272        551          0         20       3188   c_5.l
        16          0          0          0          0        204   fz_5s.l
        48          4          0          0          0         68   m_5s.l

    ----------------------------------------------------------------------
      7116        276        552          0         20       3460   Library Totals

    ----------------------------------------------------------------------

==============================================================================


      Code (inc. data)   RO Data    RW Data    ZI Data      Debug   

     10488        452     296688         12     307240      11224   Grand Totals
     10488        452     296688         12     307240      11224   ELF Image Totals
     10488        452     296688         12          0          0   ROM Totals

==============================================================================

    Total RO  Size (Code + RO Data)               307176 ( 299.98kB)
    Total RW  Size (RW Data + ZI Data)            307252 ( 300.05kB)
    Total ROM Size (Code + RO Data + RW Data)     307188 ( 299.99kB)

==============================================================================

