ARM Linker, 5.03 [Build 24] [MDK-ARM Standard]

==============================================================================

Section Cross References

    start.o(Init) refers to main.o(.text) for Main
    start.o(Init) refers to isr.o(.text) for do_irq
    main.o(.text) refers to uart.o(.text) for uart_init
    main.o(.text) refers to lcd.o(.text) for lcd_init
    main.o(.text) refers to mmu.o(.text) for MMU_Init
    main.o(.text) refers to rt_memclr_w.o(.text) for __aeabi_memclr4
    main.o(.text) refers to bmp.o(.text) for bmp_work
    main.o(.text) refers to rtc.o(.text) for rtc_work
    main.o(.text) refers to led.o(.text) for LED_S
    main.o(.text) refers to isr.o(.data) for WORK
    my_printf.o(.text) refers to vsprintf.o(.text) for vsprintf
    my_printf.o(.text) refers to uart.o(.text) for uart_send_str
    my_printf.o(.text) refers to my_printf.o(.bss) for g_pcOutBuf
    isr.o(.text) refers to isr.o(.data) for ir_flag
    mmu.o(.text) refers to 2440slib.o(C$$code) for MMU_DisableDCache
    lcd.o(.text) refers to strcmp.o(.text) for strcmp
    lcd.o(.text) refers to vsprintf.o(.text) for vsprintf
    lcd.o(.text) refers to lcd.o(.bss) for FRAME_BUF
    lcd.o(.text) refers to ascii.o(.constdata) for ascii
    lcd.o(.text) refers to chinese.o(.constdata) for chinese
    led.o(.text) refers to delay.o(.text) for delay_c
    bmp.o(.text) refers to lcd.o(.text) for lcd_dis_bmp
    bmp.o(.text) refers to aeabi_sdiv.o(.text_udiv) for __aeabi_uidivmod
    bmp.o(.text) refers to aeabi_sdiv.o(.text) for __aeabi_idivmod
    bmp.o(.text) refers to bmp.o(.bss) for bmp_temp_flag
    bmp.o(.text) refers to bmp.o(.data) for bmp
    bmp.o(.data) refers to bmp1.o(.constdata) for gImage_bmp1
    bmp.o(.data) refers to bmp2.o(.constdata) for gImage_bmp2
    bmp.o(.data) refers to bmp3.o(.constdata) for gImage_bmp3
    bmp.o(.data) refers to bmp4.o(.constdata) for gImage_bmp4
    bmp.o(.data) refers to bmp5.o(.constdata) for gImage_bmp5
    rtc.o(.text) refers to _printf_percent.o(.ARM.Collect$$_printf_percent$$00000000) for _printf_percent
    rtc.o(.text) refers to _printf_x.o(.ARM.Collect$$_printf_percent$$0000000C) for _printf_x
    rtc.o(.text) refers to _printf_hex_int_ll_ptr.o(.text) for _printf_longlong_hex
    rtc.o(.text) refers to led.o(.text) for LED_S
    rtc.o(.text) refers to __2sprintf.o(.text) for __2sprintf
    rtc.o(.text) refers to lcd.o(.text) for lcd_dis_All
    rtc.o(.text) refers to rtc.o(.data) for time2_buf
    rtc.o(.text) refers to rtc.o(.bss) for SetTime
    vsprintf.o(.text) refers (Special) to _printf_a.o(.ARM.Collect$$_printf_percent$$00000006) for _printf_a
    vsprintf.o(.text) refers (Special) to _printf_c.o(.ARM.Collect$$_printf_percent$$00000013) for _printf_c
    vsprintf.o(.text) refers (Special) to _printf_charcount.o(.text) for _printf_charcount
    vsprintf.o(.text) refers (Special) to _printf_d.o(.ARM.Collect$$_printf_percent$$00000009) for _printf_d
    vsprintf.o(.text) refers (Special) to _printf_e.o(.ARM.Collect$$_printf_percent$$00000004) for _printf_e
    vsprintf.o(.text) refers (Special) to _printf_f.o(.ARM.Collect$$_printf_percent$$00000003) for _printf_f
    vsprintf.o(.text) refers (Special) to printf1.o(x$fpl$printf1) for _printf_fp_dec
    vsprintf.o(.text) refers (Special) to printf2.o(x$fpl$printf2) for _printf_fp_hex
    vsprintf.o(.text) refers (Special) to _printf_g.o(.ARM.Collect$$_printf_percent$$00000005) for _printf_g
    vsprintf.o(.text) refers (Special) to _printf_i.o(.ARM.Collect$$_printf_percent$$00000008) for _printf_i
    vsprintf.o(.text) refers (Special) to _printf_dec.o(.text) for _printf_int_dec
    vsprintf.o(.text) refers (Special) to _printf_l.o(.ARM.Collect$$_printf_percent$$00000012) for _printf_l
    vsprintf.o(.text) refers (Special) to _printf_lc.o(.ARM.Collect$$_printf_percent$$00000015) for _printf_lc
    vsprintf.o(.text) refers (Special) to _printf_ll.o(.ARM.Collect$$_printf_percent$$00000007) for _printf_ll
    vsprintf.o(.text) refers (Special) to _printf_lld.o(.ARM.Collect$$_printf_percent$$0000000E) for _printf_lld
    vsprintf.o(.text) refers (Special) to _printf_lli.o(.ARM.Collect$$_printf_percent$$0000000D) for _printf_lli
    vsprintf.o(.text) refers (Special) to _printf_llo.o(.ARM.Collect$$_printf_percent$$00000010) for _printf_llo
    vsprintf.o(.text) refers (Special) to _printf_llu.o(.ARM.Collect$$_printf_percent$$0000000F) for _printf_llu
    vsprintf.o(.text) refers (Special) to _printf_llx.o(.ARM.Collect$$_printf_percent$$00000011) for _printf_llx
    vsprintf.o(.text) refers (Special) to _printf_longlong_dec.o(.text) for _printf_longlong_dec
    vsprintf.o(.text) refers (Special) to _printf_hex_int_ll_ptr.o(.text) for _printf_longlong_hex
    vsprintf.o(.text) refers (Special) to _printf_oct_int_ll.o(.text) for _printf_longlong_oct
    vsprintf.o(.text) refers (Special) to _printf_ls.o(.ARM.Collect$$_printf_percent$$00000016) for _printf_ls
[...]
    vsprintf.o(.text) refers (Special) to _printf_s.o(.ARM.Collect$$_printf_percent$$00000014) for _printf_s
    vsprintf.o(.text) refers (Special) to _printf_str.o(.text) for _printf_str
    vsprintf.o(.text) refers (Special) to _printf_truncate.o(.text) for _printf_truncate_signed
    vsprintf.o(.text) refers (Special) to _printf_u.o(.ARM.Collect$$_printf_percent$$0000000A) for _printf_u
    vsprintf.o(.text) refers (Special) to _printf_wctomb.o(.text) for _printf_wctomb
    vsprintf.o(.text) refers (Special) to _printf_x.o(.ARM.Collect$$_printf_percent$$0000000C) for _printf_x
    vsprintf.o(.text) refers to _printf_char_common.o(.text) for _printf_char_common
    vsprintf.o(.text) refers to _sputc.o(.text) for _sputc
    __2sprintf.o(.text) refers to _printf_char_common.o(.text) for _printf_char_common
    __2sprintf.o(.text) refers to _sputc.o(.text) for _sputc
    noretval__2sprintf.o(.text) refers to _printf_char_common.o(.text) for _printf_char_common
    noretval__2sprintf.o(.text) refers to _sputc.o(.text) for _sputc
    __printf.o(.text) refers to _printf_percent.o(.ARM.Collect$$_printf_percent$$00000000) for _printf_percent
    _printf_hex_ll.o(.text) refers to _printf_intcommon.o(.text) for _printf_int_common
    _printf_hex_ll.o(.text) refers to _printf_hex_ll.o(.constdata) for .constdata
    _printf_hex_int.o(.text) refers (Weak) to _printf_truncate.o(.text) for _printf_truncate_unsigned
    _printf_hex_int.o(.text) refers to _printf_intcommon.o(.text) for _printf_int_common
    _printf_hex_int.o(.text) refers to _printf_hex_int.o(.constdata) for .constdata
    _printf_hex_int_ll.o(.text) refers to _printf_intcommon.o(.text) for _printf_int_common
    _printf_hex_int_ll.o(.text) refers (Weak) to _printf_truncate.o(.text) for _printf_truncate_unsigned
    _printf_hex_int_ll.o(.text) refers to _printf_hex_int_ll.o(.constdata) for .constdata
    _printf_hex_ptr.o(.text) refers to _printf_intcommon.o(.text) for _printf_int_common
    _printf_hex_ptr.o(.text) refers to _printf_hex_ptr.o(.constdata) for .constdata
    _printf_hex_int_ptr.o(.text) refers to _printf_intcommon.o(.text) for _printf_int_common
    _printf_hex_int_ptr.o(.text) refers (Weak) to _printf_truncate.o(.text) for _printf_truncate_unsigned
    _printf_hex_int_ptr.o(.text) refers to _printf_hex_int_ptr.o(.constdata) for .constdata
    _printf_hex_ll_ptr.o(.text) refers to _printf_intcommon.o(.text) for _printf_int_common
    _printf_hex_ll_ptr.o(.text) refers to _printf_hex_ll_ptr.o(.constdata) for .constdata
    _printf_hex_int_ll_ptr.o(.text) refers to _printf_intcommon.o(.text) for _printf_int_common
    _printf_hex_int_ll_ptr.o(.text) refers (Weak) to _printf_truncate.o(.text) for _printf_truncate_unsigned
    _printf_hex_int_ll_ptr.o(.text) refers to _printf_hex_int_ll_ptr.o(.constdata) for .constdata
    __printf_flags.o(.text) refers to _printf_percent.o(.ARM.Collect$$_printf_percent$$00000000) for _printf_percent
    __printf_flags.o(.text) refers to __printf_flags.o(.constdata) for .constdata
    __printf_ss.o(.text) refers to _printf_percent.o(.ARM.Collect$$_printf_percent$$00000000) for _printf_percent
    __printf_flags_ss.o(.text) refers to _printf_percent.o(.ARM.Collect$$_printf_percent$$00000000) for _printf_percent
    __printf_flags_ss.o(.text) refers to __printf_flags_ss.o(.constdata) for .constdata
    __printf_wp.o(.text) refers to __printf_wp.o(i._is_digit) for _is_digit
    __printf_wp.o(.text) refers to _printf_percent.o(.ARM.Collect$$_printf_percent$$00000000) for _printf_percent
    __printf_flags_wp.o(.text) refers to __printf_wp.o(i._is_digit) for _is_digit
    __printf_flags_wp.o(.text) refers to _printf_percent.o(.ARM.Collect$$_printf_percent$$00000000) for _printf_percent
    __printf_flags_wp.o(.text) refers to __printf_flags_wp.o(.constdata) for .constdata
    __printf_ss_wp.o(.text) refers to __printf_wp.o(i._is_digit) for _is_digit
    __printf_ss_wp.o(.text) refers to _printf_percent.o(.ARM.Collect$$_printf_percent$$00000000) for _printf_percent
    __printf_flags_ss_wp.o(.text) refers to __printf_wp.o(i._is_digit) for _is_digit
    __printf_flags_ss_wp.o(.text) refers to _printf_percent.o(.ARM.Collect$$_printf_percent$$00000000) for _printf_percent
    __printf_flags_ss_wp.o(.text) refers to __printf_flags_ss_wp.o(.constdata) for .constdata
    _printf_x.o(.ARM.Collect$$_printf_percent$$0000000C) refers (Weak) to _printf_hex_int_ll_ptr.o(.text) for _printf_int_hex
    _printf_percent.o(.ARM.Collect$$_printf_percent$$00000000) refers (Special) to _printf_percent_end.o(.ARM.Collect$$_printf_percent$$00000017) for _printf_percent_end
    aeabi_sdiv.o(.text_udiv) refers to aeabi_sdiv.o(.text) for __arm_div2
    aeabi_sdiv_div0.o(.text_udiv) refers to aeabi_sdiv_div0.o(.text) for __arm_div2
    aeabi_idiv0_sigfpe.o(.text) refers to rt_div0.o(.text) for __rt_div0
    _printf_str.o(.text) refers (Special) to _printf_char.o(.text) for _printf_cs_common
    _printf_str.o(.text) refers (Weak) to _printf_pad.o(.text) for _printf_pre_padding
    _printf_str.o(.text) refers (Weak) to _printf_pad.o(.text) for _printf_post_padding
    _printf_intcommon.o(.text) refers (Weak) to _printf_pad.o(.text) for _printf_pre_padding
    _printf_intcommon.o(.text) refers (Weak) to _printf_pad.o(.text) for _printf_pre_padding
    _printf_intcommon.o(.text) refers (Weak) to _printf_pad.o(.text) for _printf_post_padding
    _printf_dec.o(.text) refers (Weak) to _printf_truncate.o(.text) for _printf_truncate_signed
    _printf_dec.o(.text) refers (Weak) to _printf_truncate.o(.text) for _printf_truncate_unsigned
    _printf_dec.o(.text) refers to rtudiv10.o(.text) for __rt_udiv10
    _printf_dec.o(.text) refers to _printf_intcommon.o(.text) for _printf_int_common
    _printf_char_common.o(.text) refers to __printf_flags_ss_wp.o(.text) for __printf
    _printf_wctomb.o(.text) refers (Special) to _printf_wchar.o(.text) for _printf_lcs_common
    _printf_wctomb.o(.text) refers to _wcrtomb.o(.text) for _wcrtomb
    _printf_wctomb.o(.text) refers (Weak) to _printf_pad.o(.text) for _printf_pre_padding
    _printf_wctomb.o(.text) refers (Weak) to _printf_pad.o(.text) for _printf_post_padding
    _printf_wctomb.o(.text) refers to _printf_wctomb.o(.constdata) for .constdata
    _printf_wctomb.o(.constdata) refers (Special) to _printf_wchar.o(.text) for _printf_lcs_common
    _printf_longlong_dec.o(.text) refers to lludiv10.o(.text) for _ll_udiv10
    _printf_longlong_dec.o(.text) refers to _printf_intcommon.o(.text) for _printf_int_common
    _printf_oct_ll.o(.text) refers to _printf_intcommon.o(.text) for _printf_int_common
    _printf_oct_int.o(.text) refers (Weak) to _printf_truncate.o(.text) for _printf_truncate_unsigned
    _printf_oct_int.o(.text) refers to _printf_intcommon.o(.text) for _printf_int_common
    _printf_oct_int_ll.o(.text) refers to _printf_intcommon.o(.text) for _printf_int_common
    _printf_oct_int_ll.o(.text) refers (Weak) to _printf_truncate.o(.text) for _printf_truncate_unsigned
    _printf_c.o(.ARM.Collect$$_printf_percent$$00000013) refers (Weak) to _printf_char.o(.text) for _printf_char
    _printf_s.o(.ARM.Collect$$_printf_percent$$00000014) refers (Weak) to _printf_char.o(.text) for _printf_string
    _printf_n.o(.ARM.Collect$$_printf_percent$$00000001) refers (Weak) to _printf_charcount.o(.text) for _printf_charcount
    _printf_p.o(.ARM.Collect$$_printf_percent$$00000002) refers (Weak) to _printf_hex_int_ll_ptr.o(.text) for _printf_hex_ptr
    _printf_o.o(.ARM.Collect$$_printf_percent$$0000000B) refers (Weak) to _printf_oct_int_ll.o(.text) for _printf_int_oct
    _printf_i.o(.ARM.Collect$$_printf_percent$$00000008) refers (Weak) to _printf_dec.o(.text) for _printf_int_dec
    _printf_d.o(.ARM.Collect$$_printf_percent$$00000009) refers (Weak) to _printf_dec.o(.text) for _printf_int_dec
    _printf_u.o(.ARM.Collect$$_printf_percent$$0000000A) refers (Weak) to _printf_dec.o(.text) for _printf_int_dec
    _printf_f.o(.ARM.Collect$$_printf_percent$$00000003) refers (Weak) to printf1.o(x$fpl$printf1) for _printf_fp_dec
    _printf_e.o(.ARM.Collect$$_printf_percent$$00000004) refers (Weak) to printf1.o(x$fpl$printf1) for _printf_fp_dec
    _printf_g.o(.ARM.Collect$$_printf_percent$$00000005) refers (Weak) to printf1.o(x$fpl$printf1) for _printf_fp_dec
    _printf_a.o(.ARM.Collect$$_printf_percent$$00000006) refers (Weak) to printf2.o(x$fpl$printf2) for _printf_fp_hex
    _printf_lli.o(.ARM.Collect$$_printf_percent$$0000000D) refers (Special) to _printf_ll.o(.ARM.Collect$$_printf_percent$$00000007) for _printf_ll
    _printf_lli.o(.ARM.Collect$$_printf_percent$$0000000D) refers (Weak) to _printf_longlong_dec.o(.text) for _printf_longlong_dec
    _printf_lld.o(.ARM.Collect$$_printf_percent$$0000000E) refers (Special) to _printf_ll.o(.ARM.Collect$$_printf_percent$$00000007) for _printf_ll
    _printf_lld.o(.ARM.Collect$$_printf_percent$$0000000E) refers (Weak) to _printf_longlong_dec.o(.text) for _printf_longlong_dec
    _printf_llu.o(.ARM.Collect$$_printf_percent$$0000000F) refers (Special) to _printf_ll.o(.ARM.Collect$$_printf_percent$$00000007) for _printf_ll
    _printf_llu.o(.ARM.Collect$$_printf_percent$$0000000F) refers (Weak) to _printf_longlong_dec.o(.text) for _printf_longlong_dec
    _printf_lc.o(.ARM.Collect$$_printf_percent$$00000015) refers (Special) to _printf_l.o(.ARM.Collect$$_printf_percent$$00000012) for _printf_l
    _printf_lc.o(.ARM.Collect$$_printf_percent$$00000015) refers (Weak) to _printf_wchar.o(.text) for _printf_wchar
    _printf_ls.o(.ARM.Collect$$_printf_percent$$00000016) refers (Special) to _printf_l.o(.ARM.Collect$$_printf_percent$$00000012) for _printf_l
    _printf_ls.o(.ARM.Collect$$_printf_percent$$00000016) refers (Weak) to _printf_wchar.o(.text) for _printf_wstring
    _printf_llo.o(.ARM.Collect$$_printf_percent$$00000010) refers (Special) to _printf_ll.o(.ARM.Collect$$_printf_percent$$00000007) for _printf_ll
    _printf_llo.o(.ARM.Collect$$_printf_percent$$00000010) refers (Weak) to _printf_oct_int_ll.o(.text) for _printf_ll_oct
    _printf_llx.o(.ARM.Collect$$_printf_percent$$00000011) refers (Special) to _printf_ll.o(.ARM.Collect$$_printf_percent$$00000007) for _printf_ll
    _printf_llx.o(.ARM.Collect$$_printf_percent$$00000011) refers (Weak) to _printf_hex_int_ll_ptr.o(.text) for _printf_ll_hex
    printf1.o(x$fpl$printf1) refers to _printf_fp_dec.o(.text) for _printf_fp_dec_real
    printf2.o(x$fpl$printf2) refers to _printf_fp_hex.o(.text) for _printf_fp_hex_real
    printf2b.o(x$fpl$printf2) refers to _printf_fp_hex.o(.text) for _printf_fp_hex_real
    rt_div0.o(.text) refers to defsig_fpe_outer.o(.text) for __rt_SIGFPE
    _printf_fp_dec.o(.text) refers (Special) to usenofp.o(x$fpl$usenofp) for __I$use$fp
    _printf_fp_dec.o(.text) refers (Special) to lc_numeric_c.o(locale$$code) for _get_lc_numeric
    _printf_fp_dec.o(.text) refers to istatus.o(x$fpl$ieeestatus) for __ieee_status
    _printf_fp_dec.o(.text) refers to bigflt0.o(.text) for _btod_etento
    _printf_fp_dec.o(.text) refers to btod.o(CL$$btod_d2e) for _btod_d2e
    _printf_fp_dec.o(.text) refers to btod.o(CL$$btod_ediv) for _btod_ediv
    _printf_fp_dec.o(.text) refers to btod.o(CL$$btod_emul) for _btod_emul
    _printf_fp_dec.o(.text) refers to lludiv10.o(.text) for _ll_udiv10
    _printf_fp_dec.o(.text) refers to fpclassify.o(i.__ARM_fpclassify) for __ARM_fpclassify
    _printf_fp_dec.o(.text) refers to _printf_fp_infnan.o(.text) for _printf_fp_infnan
    _printf_fp_dec.o(.text) refers to rtudiv10.o(.text) for __rt_udiv10
    _printf_fp_dec.o(.text) refers (Weak) to _printf_pad.o(.text) for _printf_pre_padding
    _printf_fp_dec.o(.text) refers (Weak) to _printf_pad.o(.text) for _printf_pre_padding
    _printf_fp_dec.o(.text) refers to rt_locale.o(.text) for __rt_locale
    _printf_fp_dec.o(.text) refers (Weak) to _printf_pad.o(.text) for _printf_post_padding
    _printf_fp_hex.o(.text) refers (Special) to usenofp.o(x$fpl$usenofp) for __I$use$fp
    _printf_fp_hex.o(.text) refers to fpclassify.o(i.__ARM_fpclassify) for __ARM_fpclassify
    _printf_fp_hex.o(.text) refers to _printf_fp_infnan.o(.text) for _printf_fp_infnan
    _printf_fp_hex.o(.text) refers to istatus.o(x$fpl$ieeestatus) for __ieee_status
    _printf_fp_hex.o(.text) refers to aeabi_sdiv.o(.text) for __aeabi_idivmod
    _printf_fp_hex.o(.text) refers (Weak) to _printf_pad.o(.text) for _printf_pre_padding
    _printf_fp_hex.o(.text) refers (Weak) to _printf_pad.o(.text) for _printf_pre_padding
    _printf_fp_hex.o(.text) refers (Weak) to _printf_pad.o(.text) for _printf_post_padding
    _printf_fp_hex.o(.text) refers to _printf_fp_hex.o(.constdata) for .constdata
    _printf_fp_hex.o(.constdata) refers (Special) to usenofp.o(x$fpl$usenofp) for __I$use$fp
    _printf_char.o(.text) refers (Weak) to _printf_str.o(.text) for _printf_str
    _printf_wchar.o(.text) refers (Weak) to _printf_wctomb.o(.text) for _printf_wctomb
    _wcrtomb.o(.text) refers to rt_ctype_table.o(.text) for __rt_ctype_table
    rt_ctype_table.o(.text) refers to rt_locale.o(.text) for __rt_locale
    rt_ctype_table.o(.text) refers to lc_ctype_c.o(locale$$code) for _get_lc_ctype
    rt_locale.o(.text) refers to rt_locale.o(.bss) for __rt_locale_data
    rt_locale_intlibspace.o(.text) refers to libspace.o(.bss) for __libspace_start
    _printf_fp_infnan.o(.text) refers (Weak) to _printf_pad.o(.text) for _printf_pre_padding
    _printf_fp_infnan.o(.text) refers (Weak) to _printf_pad.o(.text) for _printf_post_padding
    bigflt0.o(.text) refers (Special) to usenofp.o(x$fpl$usenofp) for __I$use$fp
    bigflt0.o(.text) refers to aeabi_sdiv.o(.text) for __aeabi_idivmod
    bigflt0.o(.text) refers to btod.o(CL$$btod_emul) for _btod_emul
    bigflt0.o(.text) refers to btod.o(CL$$btod_ediv) for _btod_ediv
    bigflt0.o(.text) refers to bigflt0.o(.constdata) for .constdata
    bigflt0.o(.constdata) refers (Special) to usenofp.o(x$fpl$usenofp) for __I$use$fp
    btod.o(CL$$btod_d2e) refers (Special) to usenofp.o(x$fpl$usenofp) for __I$use$fp
    btod.o(CL$$btod_d2e) refers to btod.o(CL$$btod_d2e_norm_op1) for _d2e_norm_op1
    btod.o(CL$$btod_d2e_norm_op1) refers (Special) to usenofp.o(x$fpl$usenofp) for __I$use$fp
    btod.o(CL$$btod_d2e_norm_op1) refers to btod.o(CL$$btod_d2e_denorm_low) for _d2e_denorm_low
    btod.o(CL$$btod_d2e_denorm_low) refers (Special) to usenofp.o(x$fpl$usenofp) for __I$use$fp
    btod.o(CL$$btod_emul) refers (Special) to usenofp.o(x$fpl$usenofp) for __I$use$fp
    btod.o(CL$$btod_emul) refers to btod.o(CL$$btod_mult_common) for __btod_mult_common
    btod.o(CL$$btod_emul) refers to btod.o(CL$$btod_e2e) for _e2e
    btod.o(CL$$btod_ediv) refers (Special) to usenofp.o(x$fpl$usenofp) for __I$use$fp
    btod.o(CL$$btod_ediv) refers to btod.o(CL$$btod_div_common) for __btod_div_common
    btod.o(CL$$btod_ediv) refers to btod.o(CL$$btod_e2e) for _e2e
    btod.o(CL$$btod_emuld) refers (Special) to usenofp.o(x$fpl$usenofp) for __I$use$fp
    btod.o(CL$$btod_emuld) refers to btod.o(CL$$btod_mult_common) for __btod_mult_common
    btod.o(CL$$btod_emuld) refers to btod.o(CL$$btod_e2d) for _e2d
    btod.o(CL$$btod_edivd) refers (Special) to usenofp.o(x$fpl$usenofp) for __I$use$fp
    btod.o(CL$$btod_edivd) refers to btod.o(CL$$btod_div_common) for __btod_div_common
    btod.o(CL$$btod_edivd) refers to btod.o(CL$$btod_e2d) for _e2d
    btod.o(CL$$btod_e2e) refers (Special) to usenofp.o(x$fpl$usenofp) for __I$use$fp
    btod.o(CL$$btod_e2d) refers (Special) to usenofp.o(x$fpl$usenofp) for __I$use$fp
    btod.o(CL$$btod_e2d) refers to btod.o(CL$$btod_e2e) for _e2e
    btod.o(CL$$btod_mult_common) refers (Special) to usenofp.o(x$fpl$usenofp) for __I$use$fp
    btod.o(CL$$btod_div_common) refers (Special) to usenofp.o(x$fpl$usenofp) for __I$use$fp
    lc_numeric_c.o(locale$$data) refers (Special) to libinit2.o(.ARM.Collect$$libinit$$00000015) for __rt_lib_init_lc_numeric_2
    lc_numeric_c.o(locale$$code) refers (Special) to libinit2.o(.ARM.Collect$$libinit$$00000015) for __rt_lib_init_lc_numeric_2
    lc_numeric_c.o(locale$$code) refers to strcmp.o(.text) for strcmp
    lc_numeric_c.o(locale$$code) refers to lc_numeric_c.o(locale$$data) for __lcnum_c_name
    defsig_fpe_outer.o(.text) refers to defsig_fpe_inner.o(.text) for __rt_SIGFPE_inner
    defsig_fpe_outer.o(.text) refers to defsig_exit.o(.text) for __sig_exit
    defsig_fpe_formal.o(.text) refers to rt_raise.o(.text) for __rt_raise
    istatus.o(x$fpl$ieeestatus) refers (Special) to usenofp.o(x$fpl$usenofp) for __I$use$fp
    fpclassify.o(i.__ARM_fpclassify) refers (Special) to usenofp.o(x$fpl$usenofp) for __I$use$fp
    libspace.o(.text) refers to libspace.o(.bss) for __libspace_start
    rt_raise.o(.text) refers to __raise.o(.text) for __raise
    rt_raise.o(.text) refers to sys_exit.o(.text) for _sys_exit
    lc_ctype_c.o(locale$$data) refers (Special) to libinit2.o(.ARM.Collect$$libinit$$00000011) for __rt_lib_init_lc_ctype_2
    lc_ctype_c.o(locale$$code) refers (Special) to libinit2.o(.ARM.Collect$$libinit$$00000011) for __rt_lib_init_lc_ctype_2
    lc_ctype_c.o(locale$$code) refers to strcmp.o(.text) for strcmp
    lc_ctype_c.o(locale$$code) refers to lc_ctype_c.o(locale$$data) for __lcctype_c_name
    defsig_exit.o(.text) refers to sys_exit.o(.text) for _sys_exit
    defsig_fpe_inner.o(.text) refers to defsig_general.o(.text) for __default_signal_display
    libinit2.o(.ARM.Collect$$libinit$$00000001) refers to fpinit.o(x$fpl$fpinit) for _fp_init
    libinit2.o(.ARM.Collect$$libinit$$0000000D) refers (Weak) to rt_locale.o(.text) for __rt_locale
    libinit2.o(.ARM.Collect$$libinit$$0000000E) refers to libinit2.o(.ARM.Collect$$libinit$$0000000D) for .ARM.Collect$$libinit$$0000000D
    libinit2.o(.ARM.Collect$$libinit$$00000010) refers to libinit2.o(.ARM.Collect$$libinit$$0000000D) for .ARM.Collect$$libinit$$0000000D
    libinit2.o(.ARM.Collect$$libinit$$00000010) refers (Weak) to lc_ctype_c.o(locale$$code) for _get_lc_ctype
    libinit2.o(.ARM.Collect$$libinit$$00000012) refers to libinit2.o(.ARM.Collect$$libinit$$0000000D) for .ARM.Collect$$libinit$$0000000D
    libinit2.o(.ARM.Collect$$libinit$$00000014) refers to libinit2.o(.ARM.Collect$$libinit$$0000000D) for .ARM.Collect$$libinit$$0000000D
    libinit2.o(.ARM.Collect$$libinit$$00000014) refers (Weak) to lc_numeric_c.o(locale$$code) for _get_lc_numeric
    libinit2.o(.ARM.Collect$$libinit$$00000016) refers to libinit2.o(.ARM.Collect$$libinit$$0000000D) for .ARM.Collect$$libinit$$0000000D
    libinit2.o(.ARM.Collect$$libinit$$00000024) refers to argv_veneer.o(.emb_text) for __ARM_argv_veneer
    libinit2.o(.ARM.Collect$$libinit$$00000025) refers to argv_veneer.o(.emb_text) for __ARM_argv_veneer
    sys_exit.o(.text) refers (Special) to use_no_semi.o(.text) for __I$use$semihosting
    sys_exit.o(.text) refers (Special) to indicate_semi.o(.text) for __semihosting_library_function
    __raise.o(.text) refers to defsig.o(CL$$defsig) for __default_signal_handler
    defsig_general.o(.text) refers to sys_wrch.o(.text) for _ttywrch
    argv_veneer.o(.emb_text) refers to _get_argv_nomalloc.o(.text) for __ARM_get_argv
    sys_wrch.o(.text) refers (Special) to use_no_semi.o(.text) for __I$use$semihosting
    sys_wrch.o(.text) refers (Special) to indicate_semi.o(.text) for __semihosting_library_function
    defsig.o(CL$$defsig) refers to defsig_fpe_inner.o(.text) for __rt_SIGFPE_inner
    defsig.o(CL$$defsig) refers to defsig_rtmem_inner.o(.text) for __rt_SIGRTMEM_inner
    _get_argv_nomalloc.o(.text) refers (Special) to hrguard.o(.text) for __heap_region$guard
    _get_argv_nomalloc.o(.text) refers to defsig_rtmem_outer.o(.text) for __rt_SIGRTMEM
    _get_argv_nomalloc.o(.text) refers to sys_command.o(.text) for _sys_command_string
    sys_command.o(.text) refers (Special) to use_no_semi.o(.text) for __I$use$semihosting
    sys_command.o(.text) refers (Special) to indicate_semi.o(.text) for __semihosting_library_function
    defsig_abrt_inner.o(.text) refers to defsig_general.o(.text) for __default_signal_display
    defsig_rtred_inner.o(.text) refers to defsig_general.o(.text) for __default_signal_display
    defsig_rtmem_inner.o(.text) refers to defsig_general.o(.text) for __default_signal_display
    defsig_rtmem_outer.o(.text) refers to defsig_rtmem_inner.o(.text) for __rt_SIGRTMEM_inner
    defsig_rtmem_outer.o(.text) refers to defsig_exit.o(.text) for __sig_exit
    defsig_rtmem_formal.o(.text) refers to rt_raise.o(.text) for __rt_raise
    defsig_stak_inner.o(.text) refers to defsig_general.o(.text) for __default_signal_display
    defsig_pvfn_inner.o(.text) refers to defsig_general.o(.text) for __default_signal_display
    defsig_cppl_inner.o(.text) refers to defsig_general.o(.text) for __default_signal_display
    defsig_segv_inner.o(.text) refers to defsig_general.o(.text) for __default_signal_display
    defsig_other.o(.text) refers to defsig_general.o(.text) for __default_signal_display


==============================================================================

Removing Unused input sections from the image.

    Removing clock_init.o(.text), (52 bytes).
    Removing my_printf.o(.text), (196 bytes).
    Removing my_printf.o(.bss), (2048 bytes).
    Removing time.o(.text), (124 bytes).
    Removing key.o(.text), (80 bytes).

5 unused section(s) (total 2500 bytes) removed from the image.

==============================================================================

Adding Veneers to the image

    Adding AT veneer (8 bytes, Inline) for call to '_printf_hex_ptr' from _printf_p.o(.ARM.Collect$$_printf_percent$$00000002).
    Adding AT veneer (8 bytes, Inline) for call to '_printf_int_dec' from _printf_i.o(.ARM.Collect$$_printf_percent$$00000008).
    Adding AT veneer (8 bytes, Inline) for call to '_printf_charcount' from _printf_n.o(.ARM.Collect$$_printf_percent$$00000001).
    Adding AT veneer (8 bytes, Inline) for call to '_printf_longlong_dec' from _printf_lli.o(.ARM.Collect$$_printf_percent$$0000000D).
    Adding AT veneer (8 bytes, Inline) for call to '_printf_int_oct' from _printf_o.o(.ARM.Collect$$_printf_percent$$0000000B).
    Adding AT veneer (8 bytes, Inline) for call to '_printf_fp_hex_real' from printf2.o(x$fpl$printf2).
    Adding AT veneer (8 bytes, Inline) for call to '_printf_char' from _printf_c.o(.ARM.Collect$$_printf_percent$$00000013).
    Adding AT veneer (8 bytes, Inline) for call to '_printf_wchar' from _printf_lc.o(.ARM.Collect$$_printf_percent$$00000015).
    Adding AT veneer (8 bytes, Long) for call to '_printf_int_hex' from _printf_x.o(.ARM.Collect$$_printf_percent$$0000000C).
    Adding AT veneer (8 bytes, Long) for call to '_printf_ll_oct' from _printf_llo.o(.ARM.Collect$$_printf_percent$$00000010).
    Adding AT veneer (8 bytes, Long) for call to '_printf_ll_hex' from _printf_llx.o(.ARM.Collect$$_printf_percent$$00000011).
    Adding AT veneer (8 bytes, Long) for call to '_printf_string' from _printf_s.o(.ARM.Collect$$_printf_percent$$00000014).
    Adding AT veneer (8 bytes, Long) for call to '_printf_wstring' from _printf_ls.o(.ARM.Collect$$_printf_percent$$00000016).
    Adding AT veneer (8 bytes, Long) for call to '_printf_fp_dec_real' from printf1.o(x$fpl$printf1).

14 Veneer(s) (total 112 bytes) added to the image.

==============================================================================

Image Symbol Table

    Local Symbols

    Symbol Name                              Value     Ov Type        Size  Object(Section)

    ../clib/angel/rt.s                       0x00000000   Number         0  aeabi_idiv0.o ABSOLUTE
    ../clib/angel/rt.s                       0x00000000   Number         0  aeabi_idiv0_sigfpe.o ABSOLUTE
    ../clib/angel/rt.s                       0x00000000   Number         0  rt_locale_intlibspace.o ABSOLUTE
    ../clib/angel/rt.s                       0x00000000   Number         0  rt_raise.o ABSOLUTE
    ../clib/angel/rt.s                       0x00000000   Number         0  rt_locale.o ABSOLUTE
    ../clib/angel/rt.s                       0x00000000   Number         0  rt_div0.o ABSOLUTE
    ../clib/angel/rt.s                       0x00000000   Number         0  rt_ctype_table.o ABSOLUTE
    ../clib/angel/sys.s                      0x00000000   Number         0  indicate_semi.o ABSOLUTE
    ../clib/angel/sys.s                      0x00000000   Number         0  libspace.o ABSOLUTE
    ../clib/angel/sys.s                      0x00000000   Number         0  use_no_semi.o ABSOLUTE
    ../clib/angel/sysapp.c                   0x00000000   Number         0  sys_exit.o ABSOLUTE
    ../clib/angel/sysapp.c                   0x00000000   Number         0  sys_wrch.o ABSOLUTE
    ../clib/angel/sysapp.c                   0x00000000   Number         0  sys_command.o ABSOLUTE
    ../clib/armsys.c                         0x00000000   Number         0  no_argv.o ABSOLUTE
    ../clib/armsys.c                         0x00000000   Number         0  argv_veneer.o ABSOLUTE
    ../clib/armsys.c                         0x00000000   Number         0  argv_veneer.o ABSOLUTE
    ../clib/armsys.c                         0x00000000   Number         0  _get_argv_nomalloc.o ABSOLUTE
    ../clib/bigflt.c                         0x00000000   Number         0  bigflt0.o ABSOLUTE
    ../clib/btod.s                           0x00000000   Number         0  btod.o ABSOLUTE
    ../clib/division.s                       0x00000000   Number         0  aeabi_sdiv.o ABSOLUTE
    ../clib/division.s                       0x00000000   Number         0  rtudiv10.o ABSOLUTE
    ../clib/division.s                       0x00000000   Number         0  aeabi_sdiv_div0.o ABSOLUTE
    ../clib/divrt.s                          0x00000000   Number         0  divrt_9e_div0.o ABSOLUTE
    ../clib/divrt.s                          0x00000000   Number         0  divrt_9e.o ABSOLUTE
    ../clib/heapalloc.c                      0x00000000   Number         0  hrguard.o ABSOLUTE
    ../clib/libinit.s                        0x00000000   Number         0  libinit2.o ABSOLUTE
    ../clib/locale.c                         0x00000000   Number         0  _wcrtomb.o ABSOLUTE
    ../clib/locale.s                         0x00000000   Number         0  lc_numeric_c.o ABSOLUTE
    ../clib/locale.s                         0x00000000   Number         0  lc_ctype_c.o ABSOLUTE
    ../clib/longlong.s                       0x00000000   Number         0  lludiv10.o ABSOLUTE
    ../clib/memcpset.s                       0x00000000   Number         0  rt_memclr_w.o ABSOLUTE
    ../clib/memcpset.s                       0x00000000   Number         0  strcmp.o ABSOLUTE
    ../clib/misc.s                           0x00000000   Number         0  printf_stubs.o ABSOLUTE
    ../clib/printf.c                         0x00000000   Number         0  _printf_truncate.o ABSOLUTE
    ../clib/printf.c                         0x00000000   Number         0  _printf_fp_hex.o ABSOLUTE
    ../clib/printf.c                         0x00000000   Number         0  _printf_str.o ABSOLUTE
    ../clib/printf.c                         0x00000000   Number         0  _printf_fp_dec.o ABSOLUTE
    ../clib/printf.c                         0x00000000   Number         0  _printf_intcommon.o ABSOLUTE
    ../clib/printf.c                         0x00000000   Number         0  _printf_charcount.o ABSOLUTE
    ../clib/printf.c                         0x00000000   Number         0  _printf_char_common.o ABSOLUTE
    ../clib/printf.c                         0x00000000   Number         0  _sputc.o ABSOLUTE
    ../clib/printf.c                         0x00000000   Number         0  _printf_wctomb.o ABSOLUTE
    ../clib/printf.c                         0x00000000   Number         0  _printf_longlong_dec.o ABSOLUTE
    ../clib/printf.c                         0x00000000   Number         0  _printf_oct_ll.o ABSOLUTE
    ../clib/printf.c                         0x00000000   Number         0  _printf_oct_int.o ABSOLUTE
    ../clib/printf.c                         0x00000000   Number         0  _printf_oct_int_ll.o ABSOLUTE
    ../clib/printf.c                         0x00000000   Number         0  vsprintf.o ABSOLUTE
    ../clib/printf.c                         0x00000000   Number         0  _printf_dec.o ABSOLUTE
    ../clib/printf.c                         0x00000000   Number         0  __2sprintf.o ABSOLUTE
    ../clib/printf.c                         0x00000000   Number         0  noretval__2sprintf.o ABSOLUTE
    ../clib/printf.c                         0x00000000   Number         0  __printf.o ABSOLUTE
    ../clib/printf.c                         0x00000000   Number         0  _printf_hex_ll.o ABSOLUTE
    ../clib/printf.c                         0x00000000   Number         0  _printf_hex_int.o ABSOLUTE
    ../clib/printf.c                         0x00000000   Number         0  _printf_hex_int_ll.o ABSOLUTE
    ../clib/printf.c                         0x00000000   Number         0  _printf_hex_ptr.o ABSOLUTE
    ../clib/printf.c                         0x00000000   Number         0  _printf_hex_int_ptr.o ABSOLUTE
    ../clib/printf.c                         0x00000000   Number         0  _printf_hex_int_ll_ptr.o ABSOLUTE
    ../clib/printf.c                         0x00000000   Number         0  __printf_flags.o ABSOLUTE
    ../clib/printf.c                         0x00000000   Number         0  __printf_ss.o ABSOLUTE
    ../clib/printf.c                         0x00000000   Number         0  __printf_flags_ss.o ABSOLUTE
    ../clib/printf.c                         0x00000000   Number         0  __printf_flags_wp.o ABSOLUTE
    ../clib/printf.c                         0x00000000   Number         0  __printf_flags_ss_wp.o ABSOLUTE
    ../clib/printf.c                         0x00000000   Number         0  _printf_fp_infnan.o ABSOLUTE
    ../clib/printf.c                         0x00000000   Number         0  _printf_hex_ll_ptr.o ABSOLUTE
    ../clib/printf.c                         0x00000000   Number         0  __printf_wp.o ABSOLUTE
    ../clib/printf.c                         0x00000000   Number         0  _printf_wchar.o ABSOLUTE
    ../clib/printf.c                         0x00000000   Number         0  _printf_char.o ABSOLUTE
    ../clib/printf.c                         0x00000000   Number         0  _printf_pad.o ABSOLUTE
    ../clib/printf.c                         0x00000000   Number         0  __printf_nopercent.o ABSOLUTE
    ../clib/printf.c                         0x00000000   Number         0  __printf_ss_wp.o ABSOLUTE
    ../clib/printf_percent.s                 0x00000000   Number         0  _printf_f.o ABSOLUTE
    ../clib/printf_percent.s                 0x00000000   Number         0  _printf_s.o ABSOLUTE
    ../clib/printf_percent.s                 0x00000000   Number         0  _printf_o.o ABSOLUTE
    ../clib/printf_percent.s                 0x00000000   Number         0  _printf_percent_end.o ABSOLUTE
    ../clib/printf_percent.s                 0x00000000   Number         0  _printf_c.o ABSOLUTE
    ../clib/printf_percent.s                 0x00000000   Number         0  _printf_lli.o ABSOLUTE
    ../clib/printf_percent.s                 0x00000000   Number         0  _printf_x.o ABSOLUTE
    ../clib/printf_percent.s                 0x00000000   Number         0  _printf_lld.o ABSOLUTE
    ../clib/printf_percent.s                 0x00000000   Number         0  _printf_percent.o ABSOLUTE
    ../clib/printf_percent.s                 0x00000000   Number         0  _printf_llu.o ABSOLUTE
    ../clib/printf_percent.s                 0x00000000   Number         0  _printf_ll.o ABSOLUTE
    ../clib/printf_percent.s                 0x00000000   Number         0  _printf_e.o ABSOLUTE
    ../clib/printf_percent.s                 0x00000000   Number         0  _printf_p.o ABSOLUTE
    ../clib/printf_percent.s                 0x00000000   Number         0  _printf_l.o ABSOLUTE
    ../clib/printf_percent.s                 0x00000000   Number         0  _printf_lc.o ABSOLUTE
    ../clib/printf_percent.s                 0x00000000   Number         0  _printf_ls.o ABSOLUTE
    ../clib/printf_percent.s                 0x00000000   Number         0  _printf_llo.o ABSOLUTE
    ../clib/printf_percent.s                 0x00000000   Number         0  _printf_llx.o ABSOLUTE
    ../clib/printf_percent.s                 0x00000000   Number         0  _printf_g.o ABSOLUTE
    ../clib/printf_percent.s                 0x00000000   Number         0  _printf_u.o ABSOLUTE
    ../clib/printf_percent.s                 0x00000000   Number         0  _printf_n.o ABSOLUTE
    ../clib/printf_percent.s                 0x00000000   Number         0  _printf_i.o ABSOLUTE
    ../clib/printf_percent.s                 0x00000000   Number         0  _printf_a.o ABSOLUTE
    ../clib/printf_percent.s                 0x00000000   Number         0  _printf_d.o ABSOLUTE
    ../clib/signal.c                         0x00000000   Number         0  defsig_general.o ABSOLUTE
    ../clib/signal.c                         0x00000000   Number         0  defsig_abrt_inner.o ABSOLUTE
    ../clib/signal.c                         0x00000000   Number         0  defsig_rtred_inner.o ABSOLUTE
    ../clib/signal.c                         0x00000000   Number         0  defsig_rtmem_inner.o ABSOLUTE
    ../clib/signal.c                         0x00000000   Number         0  defsig_rtmem_outer.o ABSOLUTE
    ../clib/signal.c                         0x00000000   Number         0  defsig_rtmem_formal.o ABSOLUTE
    ../clib/signal.c                         0x00000000   Number         0  defsig_stak_inner.o ABSOLUTE
    ../clib/signal.c                         0x00000000   Number         0  defsig_pvfn_inner.o ABSOLUTE
    ../clib/signal.c                         0x00000000   Number         0  defsig_cppl_inner.o ABSOLUTE
    ../clib/signal.c                         0x00000000   Number         0  defsig_segv_inner.o ABSOLUTE
    ../clib/signal.c                         0x00000000   Number         0  defsig_other.o ABSOLUTE
    ../clib/signal.c                         0x00000000   Number         0  defsig_fpe_outer.o ABSOLUTE
    ../clib/signal.c                         0x00000000   Number         0  defsig_fpe_formal.o ABSOLUTE
    ../clib/signal.c                         0x00000000   Number         0  defsig_exit.o ABSOLUTE
    ../clib/signal.c                         0x00000000   Number         0  defsig_fpe_inner.o ABSOLUTE
    ../clib/signal.c                         0x00000000   Number         0  __raise.o ABSOLUTE
    ../clib/signal.s                         0x00000000   Number         0  defsig.o ABSOLUTE
    ../fplib/fpinit.s                        0x00000000   Number         0  fpinit.o ABSOLUTE
    ../fplib/istatus.s                       0x00000000   Number         0  istatus.o ABSOLUTE
    ../fplib/printf1.s                       0x00000000   Number         0  printf1.o ABSOLUTE
    ../fplib/printf2.s                       0x00000000   Number         0  printf2.o ABSOLUTE
    ../fplib/printf2a.s                      0x00000000   Number         0  printf2a.o ABSOLUTE
    ../fplib/printf2b.s                      0x00000000   Number         0  printf2b.o ABSOLUTE
    ../fplib/usenofp.s                       0x00000000   Number         0  usenofp.o ABSOLUTE
    ../mathlib/fpclassify.c                  0x00000000   Number         0  fpclassify.o ABSOLUTE
    MMU\2440slib.s                           0x00000000   Number         0  2440slib.o ABSOLUTE
    MMU\mmu.c                                0x00000000   Number         0  mmu.o ABSOLUTE
    Main.c                                   0x00000000   Number         0  main.o ABSOLUTE
    ascii.c                                  0x00000000   Number         0  ascii.o ABSOLUTE
    bmp.c                                    0x00000000   Number         0  bmp.o ABSOLUTE
    bmp1.c                                   0x00000000   Number         0  bmp1.o ABSOLUTE
    bmp2.c                                   0x00000000   Number         0  bmp2.o ABSOLUTE
    bmp3.c                                   0x00000000   Number         0  bmp3.o ABSOLUTE
    bmp4.c                                   0x00000000   Number         0  bmp4.o ABSOLUTE
    bmp5.c                                   0x00000000   Number         0  bmp5.o ABSOLUTE
    chinese.c                                0x00000000   Number         0  chinese.o ABSOLUTE
    clock_init.c                             0x00000000   Number         0  clock_init.o ABSOLUTE
    dc.s                                     0x00000000   Number         0  dc.o ABSOLUTE
    delay.c                                  0x00000000   Number         0  delay.o ABSOLUTE
    isr.c                                    0x00000000   Number         0  isr.o ABSOLUTE
    key.c                                    0x00000000   Number         0  key.o ABSOLUTE
    lcd.c                                    0x00000000   Number         0  lcd.o ABSOLUTE
    led.c                                    0x00000000   Number         0  led.o ABSOLUTE
    my_printf.c                              0x00000000   Number         0  my_printf.o ABSOLUTE
    rtc.c                                    0x00000000   Number         0  rtc.o ABSOLUTE
    start.s                                  0x00000000   Number         0  start.o ABSOLUTE
    time.c                                   0x00000000   Number         0  time.o ABSOLUTE
    uart.c                                   0x00000000   Number         0  uart.o ABSOLUTE
    Init                                     0x30000000   Section      152  start.o(Init)
    .ARM.Collect$$_printf_percent$$00000000  0x30000098   Section        0  _printf_percent.o(.ARM.Collect$$_printf_percent$$00000000)
    .ARM.Collect$$_printf_percent$$00000001  0x30000098   Section        8  _printf_n.o(.ARM.Collect$$_printf_percent$$00000001)
    .ARM.Collect$$_printf_percent$$00000002  0x300000a0   Section        8  _printf_p.o(.ARM.Collect$$_printf_percent$$00000002)
    .ARM.Collect$$_printf_percent$$00000003  0x300000a8   Section        8  _printf_f.o(.ARM.Collect$$_printf_percent$$00000003)
    .ARM.Collect$$_printf_percent$$00000004  0x300000b0   Section        8  _printf_e.o(.ARM.Collect$$_printf_percent$$00000004)
    .ARM.Collect$$_printf_percent$$00000005  0x300000b8   Section        8  _printf_g.o(.ARM.Collect$$_printf_percent$$00000005)
    .ARM.Collect$$_printf_percent$$00000006  0x300000c0   Section        8  _printf_a.o(.ARM.Collect$$_printf_percent$$00000006)
    .ARM.Collect$$_printf_percent$$00000007  0x300000c8   Section       12  _printf_ll.o(.ARM.Collect$$_printf_percent$$00000007)
    .ARM.Collect$$_printf_percent$$00000008  0x300000d4   Section        8  _printf_i.o(.ARM.Collect$$_printf_percent$$00000008)
    .ARM.Collect$$_printf_percent$$00000009  0x300000dc   Section        8  _printf_d.o(.ARM.Collect$$_printf_percent$$00000009)
    .ARM.Collect$$_printf_percent$$0000000A  0x300000e4   Section        8  _printf_u.o(.ARM.Collect$$_printf_percent$$0000000A)
    .ARM.Collect$$_printf_percent$$0000000B  0x300000ec   Section        8  _printf_o.o(.ARM.Collect$$_printf_percent$$0000000B)
    .ARM.Collect$$_printf_percent$$0000000C  0x300000f4   Section        8  _printf_x.o(.ARM.Collect$$_printf_percent$$0000000C)
    .ARM.Collect$$_printf_percent$$0000000D  0x300000fc   Section        8  _printf_lli.o(.ARM.Collect$$_printf_percent$$0000000D)
    .ARM.Collect$$_printf_percent$$0000000E  0x30000104   Section        8  _printf_lld.o(.ARM.Collect$$_printf_percent$$0000000E)
    .ARM.Collect$$_printf_percent$$0000000F  0x3000010c   Section        8  _printf_llu.o(.ARM.Collect$$_printf_percent$$0000000F)
    .ARM.Collect$$_printf_percent$$00000010  0x30000114   Section        8  _printf_llo.o(.ARM.Collect$$_printf_percent$$00000010)
    .ARM.Collect$$_printf_percent$$00000011  0x3000011c   Section        8  _printf_llx.o(.ARM.Collect$$_printf_percent$$00000011)
    .ARM.Collect$$_printf_percent$$00000012  0x30000124   Section       12  _printf_l.o(.ARM.Collect$$_printf_percent$$00000012)
    .ARM.Collect$$_printf_percent$$00000013  0x30000130   Section        8  _printf_c.o(.ARM.Collect$$_printf_percent$$00000013)
    .ARM.Collect$$_printf_percent$$00000014  0x30000138   Section        8  _printf_s.o(.ARM.Collect$$_printf_percent$$00000014)
    .ARM.Collect$$_printf_percent$$00000015  0x30000140   Section        8  _printf_lc.o(.ARM.Collect$$_printf_percent$$00000015)
    .ARM.Collect$$_printf_percent$$00000016  0x30000148   Section        8  _printf_ls.o(.ARM.Collect$$_printf_percent$$00000016)
    .ARM.Collect$$_printf_percent$$00000017  0x30000150   Section        8  _printf_percent_end.o(.ARM.Collect$$_printf_percent$$00000017)
    .ARM.Collect$$libinit$$00000011          0x30000158   Section        0  libinit2.o(.ARM.Collect$$libinit$$00000011)
    .ARM.Collect$$libinit$$00000015          0x30000158   Section        0  libinit2.o(.ARM.Collect$$libinit$$00000015)
    .text                                    0x30000158   Section        0  main.o(.text)
    .text                                    0x30000214   Section        0  uart.o(.text)
    .text                                    0x300002fc   Section        0  isr.o(.text)
    .text                                    0x30000334   Section        0  mmu.o(.text)
    .text                                    0x300005e4   Section        0  lcd.o(.text)
    .text                                    0x30000b88   Section        0  led.o(.text)
    .text                                    0x30001148   Section        0  bmp.o(.text)
    .text                                    0x300014e8   Section        0  rtc.o(.text)
    .text                                    0x300017cc   Section        0  delay.o(.text)
    .text                                    0x300017e0   Section        0  vsprintf.o(.text)
    .text                                    0x30001804   Section        0  __2sprintf.o(.text)
    .text                                    0x30001838   Section        0  _printf_hex_int_ll_ptr.o(.text)
    _printf_hex_common                       0x30001839   Thumb Code     0  _printf_hex_int_ll_ptr.o(.text)
    .text                                    0x300018d0   Section        0  __printf_flags_ss_wp.o(.text)
    .text                                    0x30001a58   Section       84  rt_memclr_w.o(.text)
    .text                                    0x30001aac   Section      160  strcmp.o(.text)
    .text                                    0x30001b4c   Section      380  aeabi_sdiv.o(.text)
    __arm_div8                               0x30001b78   ARM Code       0  aeabi_sdiv.o(.text)
    __arm_div5                               0x30001b9c   ARM Code       0  aeabi_sdiv.o(.text)
    __arm_div2                               0x30001bc0   ARM Code       0  aeabi_sdiv.o(.text)
    __arm_div_large                          0x30001bfc   ARM Code       0  aeabi_sdiv.o(.text)
    .text                                    0x30001cc8   Section        0  _printf_pad.o(.text)
    .text                                    0x30001d16   Section        0  _printf_truncate.o(.text)
    .text                                    0x30001d42   Section        0  _printf_str.o(.text)
    .text                                    0x30001d94   Section        0  _printf_intcommon.o(.text)
    .text                                    0x30001e4c   Section        0  _printf_dec.o(.text)
    .text                                    0x30001ec0   Section        0  _printf_charcount.o(.text)
    .text                                    0x30001ee8   Section        0  _printf_char_common.o(.text)
    _printf_input_char                       0x30001ee9   Thumb Code    10  _printf_char_common.o(.text)
    .text                                    0x30001f18   Section        0  _sputc.o(.text)
    .text                                    0x30001f24   Section        0  _printf_wctomb.o(.text)
    .text                                    0x30001fe8   Section        0  _printf_longlong_dec.o(.text)
    .text                                    0x30002060   Section        0  _printf_oct_int_ll.o(.text)
    _printf_longlong_oct_internal            0x30002061   Thumb Code     0  _printf_oct_int_ll.o(.text)
    .text                                    0x300020d0   Section      152  lludiv10.o(.text)
    .text                                    0x30002168   Section        0  _printf_fp_dec.o(.text)
    _fp_digits                               0x3000216b   Thumb Code   410  _printf_fp_dec.o(.text)
    .text                                    0x30002584   Section        0  _printf_fp_hex.o(.text)
    .text                                    0x3000285c   Section        0  _printf_char.o(.text)
    .text                                    0x30002894   Section        0  _printf_wchar.o(.text)
    .text                                    0x300028c2   Section        0  _wcrtomb.o(.text)
    .text                                    0x30002908   Section       44  rtudiv10.o(.text)
    .text                                    0x30002934   Section       20  rt_ctype_table.o(.text)
    .text                                    0x30002948   Section       12  rt_locale.o(.text)
    .text                                    0x30002954   Section        0  _printf_fp_infnan.o(.text)
    .text                                    0x300029dc   Section        0  bigflt0.o(.text)
    .text_udiv                               0x30002ab0   Section       36  aeabi_sdiv.o(.text_udiv)
    C$$code                                  0x30002ad4   Section      436  2440slib.o(C$$code)
    CL$$btod_d2e                             0x30002c88   Section       56  btod.o(CL$$btod_d2e)
    CL$$btod_d2e_denorm_low                  0x30002cc0   Section       84  btod.o(CL$$btod_d2e_denorm_low)
    CL$$btod_d2e_norm_op1                    0x30002d14   Section      104  btod.o(CL$$btod_d2e_norm_op1)
    CL$$btod_div_common                      0x30002d7c   Section      840  btod.o(CL$$btod_div_common)
    CL$$btod_e2e                             0x300030c4   Section      220  btod.o(CL$$btod_e2e)
    CL$$btod_ediv                            0x300031a0   Section       48  btod.o(CL$$btod_ediv)
    CL$$btod_emul                            0x300031d0   Section       48  btod.o(CL$$btod_emul)
    CL$$btod_mult_common                     0x30003200   Section      612  btod.o(CL$$btod_mult_common)
    i.__ARM_fpclassify                       0x30003494   Section        0  fpclassify.o(i.__ARM_fpclassify)
    i._is_digit                              0x300034c4   Section        0  __printf_wp.o(i._is_digit)
    locale$$code                             0x300034d4   Section       72  lc_numeric_c.o(locale$$code)
    locale$$code                             0x3000351c   Section       72  lc_ctype_c.o(locale$$code)
    x$fpl$ieeestatus                         0x30003564   Section        8  istatus.o(x$fpl$ieeestatus)
    x$fpl$printf1                            0x3000356c   Section        4  printf1.o(x$fpl$printf1)
    x$fpl$printf2                            0x30003570   Section        4  printf2.o(x$fpl$printf2)
    .constdata                               0x30003574   Section    294408  chinese.o(.constdata)
    x$fpl$usenofp                            0x30003574   Section        0  usenofp.o(x$fpl$usenofp)
    .constdata                               0x3004b37c   Section     1728  ascii.o(.constdata)
    .constdata                               0x3004ba3c   Section    307200  bmp1.o(.constdata)
    .constdata                               0x30096a3c   Section    307200  bmp2.o(.constdata)
    .constdata                               0x300e1a3c   Section    307200  bmp3.o(.constdata)
    .constdata                               0x3012ca3c   Section    307200  bmp4.o(.constdata)
    .constdata                               0x30177a3c   Section    307200  bmp5.o(.constdata)
    .constdata                               0x301c2a3c   Section       40  _printf_hex_int_ll_ptr.o(.constdata)
    uc_hextab                                0x301c2a3c   Data          20  _printf_hex_int_ll_ptr.o(.constdata)
    lc_hextab                                0x301c2a50   Data          20  _printf_hex_int_ll_ptr.o(.constdata)
    .constdata                               0x301c2a64   Section       17  __printf_flags_ss_wp.o(.constdata)
    maptable                                 0x301c2a64   Data          17  __printf_flags_ss_wp.o(.constdata)
    .constdata                               0x301c2a78   Section        8  _printf_wctomb.o(.constdata)
    initial_mbstate                          0x301c2a78   Data           8  _printf_wctomb.o(.constdata)
    .constdata                               0x301c2a80   Section       38  _printf_fp_hex.o(.constdata)
    lc_hextab                                0x301c2a80   Data          19  _printf_fp_hex.o(.constdata)
    uc_hextab                                0x301c2a93   Data          19  _printf_fp_hex.o(.constdata)
    .constdata                               0x301c2aa8   Section      148  bigflt0.o(.constdata)
    tenpwrs_x                                0x301c2aa8   Data          60  bigflt0.o(.constdata)
    tenpwrs_i                                0x301c2ae4   Data          64  bigflt0.o(.constdata)
    locale$$data                             0x301c2b3c   Section       28  lc_numeric_c.o(locale$$data)
    __lcnum_c_name                           0x301c2b40   Data           2  lc_numeric_c.o(locale$$data)
    __lcnum_c_start                          0x301c2b48   Data           0  lc_numeric_c.o(locale$$data)
    __lcnum_c_point                          0x301c2b54   Data           0  lc_numeric_c.o(locale$$data)
    __lcnum_c_thousands                      0x301c2b56   Data           0  lc_numeric_c.o(locale$$data)
    __lcnum_c_grouping                       0x301c2b57   Data           0  lc_numeric_c.o(locale$$data)
    locale$$data                             0x301c2b58   Section      272  lc_ctype_c.o(locale$$data)
    __lcnum_c_end                            0x301c2b58   Data           0  lc_numeric_c.o(locale$$data)
    __lcctype_c_name                         0x301c2b5c   Data           2  lc_ctype_c.o(locale$$data)
    __lcctype_c_start                        0x301c2b64   Data           0  lc_ctype_c.o(locale$$data)
    __lcctype_c_end                          0x301c2c68   Data           0  lc_ctype_c.o(locale$$data)
    .data                                    0x31000000   Section        2  isr.o(.data)
    .data                                    0x31000004   Section       20  bmp.o(.data)
    .data                                    0x31000018   Section        5  rtc.o(.data)
    .bss                                     0x31000020   Section    307220  lcd.o(.bss)
    .bss                                     0x3104b034   Section    921600  bmp.o(.bss)
    .bss                                     0x3112c034   Section       76  rtc.o(.bss)
    .bss                                     0x3112c080   Section       20  rt_locale.o(.bss)
    __rt_locale_data                         0x3112c080   Data          20  rt_locale.o(.bss)

    Global Symbols

    Symbol Name                              Value     Ov Type        Size  Object(Section)

    BuildAttributes$$THM_ISAv2$ARM_ISAv5$E$P$J$S$PE$A:L22$X:L11$S22$IEEE1$IW$~IW$USESV6$~STKCKD$USESV7$~SHL$OTIME$ROPI$IEEEJ$EBA8$STANDARDLIB$REQ8$PRES8$EABIv2 0x00000000   Number         0  anon$$obj.o ABSOLUTE
    _printf_flags                            0x00000000   Number         0  printf_stubs.o ABSOLUTE
    _printf_return_value                     0x00000000   Number         0  printf_stubs.o ABSOLUTE
    _printf_sizespec                         0x00000000   Number         0  printf_stubs.o ABSOLUTE
    _printf_widthprec                        0x00000000   Number         0  printf_stubs.o ABSOLUTE
    __ARM_exceptions_init                     - Undefined Weak Reference
    __alloca_initialize                       - Undefined Weak Reference
    __cpp_initialize__aeabi_                  - Undefined Weak Reference
    __sigvec_lookup                           - Undefined Weak Reference
    _atexit_init                              - Undefined Weak Reference
    _clock_init                               - Undefined Weak Reference
    _fp_trap_init                             - Undefined Weak Reference
    _get_lc_collate                           - Undefined Weak Reference
    _get_lc_monetary                          - Undefined Weak Reference
    _get_lc_time                              - Undefined Weak Reference
    _getenv_init                              - Undefined Weak Reference
    _handle_redirection                       - Undefined Weak Reference
    _init_alloc                               - Undefined Weak Reference
    _init_user_alloc                          - Undefined Weak Reference
    _initio                                   - Undefined Weak Reference
    _printf_mbtowc                            - Undefined Weak Reference
    _printf_wc                                - Undefined Weak Reference
    _rand_init                                - Undefined Weak Reference
    _signal_init                              - Undefined Weak Reference
    _printf_n                                0x30000098   ARM Code       0  _printf_n.o(.ARM.Collect$$_printf_percent$$00000001)
    _printf_percent                          0x30000098   ARM Code       0  _printf_percent.o(.ARM.Collect$$_printf_percent$$00000000)
    _printf_p                                0x300000a0   ARM Code       0  _printf_p.o(.ARM.Collect$$_printf_percent$$00000002)
    _printf_f                                0x300000a8   ARM Code       0  _printf_f.o(.ARM.Collect$$_printf_percent$$00000003)
    _printf_e                                0x300000b0   ARM Code       0  _printf_e.o(.ARM.Collect$$_printf_percent$$00000004)
    _printf_g                                0x300000b8   ARM Code       0  _printf_g.o(.ARM.Collect$$_printf_percent$$00000005)
    _printf_a                                0x300000c0   ARM Code       0  _printf_a.o(.ARM.Collect$$_printf_percent$$00000006)
    _printf_ll                               0x300000c8   ARM Code       0  _printf_ll.o(.ARM.Collect$$_printf_percent$$00000007)
    _printf_i                                0x300000d4   ARM Code       0  _printf_i.o(.ARM.Collect$$_printf_percent$$00000008)
    _printf_d                                0x300000dc   ARM Code       0  _printf_d.o(.ARM.Collect$$_printf_percent$$00000009)
    _printf_u                                0x300000e4   ARM Code       0  _printf_u.o(.ARM.Collect$$_printf_percent$$0000000A)
    _printf_o                                0x300000ec   ARM Code       0  _printf_o.o(.ARM.Collect$$_printf_percent$$0000000B)
    _printf_x                                0x300000f4   ARM Code       0  _printf_x.o(.ARM.Collect$$_printf_percent$$0000000C)
    _printf_lli                              0x300000fc   ARM Code       0  _printf_lli.o(.ARM.Collect$$_printf_percent$$0000000D)
    _printf_lld                              0x30000104   ARM Code       0  _printf_lld.o(.ARM.Collect$$_printf_percent$$0000000E)
    _printf_llu                              0x3000010c   ARM Code       0  _printf_llu.o(.ARM.Collect$$_printf_percent$$0000000F)
    _printf_llo                              0x30000114   ARM Code       0  _printf_llo.o(.ARM.Collect$$_printf_percent$$00000010)
    _printf_llx                              0x3000011c   ARM Code       0  _printf_llx.o(.ARM.Collect$$_printf_percent$$00000011)
    _printf_l                                0x30000124   ARM Code       0  _printf_l.o(.ARM.Collect$$_printf_percent$$00000012)
    _printf_c                                0x30000130   ARM Code       0  _printf_c.o(.ARM.Collect$$_printf_percent$$00000013)
    _printf_s                                0x30000138   ARM Code       0  _printf_s.o(.ARM.Collect$$_printf_percent$$00000014)
    _printf_lc                               0x30000140   ARM Code       0  _printf_lc.o(.ARM.Collect$$_printf_percent$$00000015)
    _printf_ls                               0x30000148   ARM Code       0  _printf_ls.o(.ARM.Collect$$_printf_percent$$00000016)
    _printf_percent_end                      0x30000150   ARM Code       0  _printf_percent_end.o(.ARM.Collect$$_printf_percent$$00000017)
    Init                                     0x30000158   ARM Code      20  main.o(.text)
    __rt_lib_init_lc_ctype_2                 0x30000159   Thumb Code     0  libinit2.o(.ARM.Collect$$libinit$$00000011)
    __rt_lib_init_lc_numeric_2               0x30000159   Thumb Code     0  libinit2.o(.ARM.Collect$$libinit$$00000015)
    Main                                     0x3000016c   ARM Code     164  main.o(.text)
    uart_init                                0x30000214   ARM Code      68  uart.o(.text)
    uart_send_byte                           0x30000258   ARM Code      32  uart.o(.text)
    uart_recv_byte                           0x30000278   ARM Code      32  uart.o(.text)
    uart_send_str                            0x30000298   ARM Code      40  uart.o(.text)
    uart_recv_str                            0x300002c0   ARM Code      56  uart.o(.text)
    do_irq                                   0x300002fc   ARM Code      52  isr.o(.text)
    MMU_SetMTT                               0x30000334   ARM Code      88  mmu.o(.text)
    MMU_Init                                 0x3000038c   ARM Code     420  mmu.o(.text)
    ChangeRomCacheStatus                     0x30000530   ARM Code     136  mmu.o(.text)
    lcd_init                                 0x300005e4   ARM Code     136  lcd.o(.text)
    lcd_clear                                0x3000066c   ARM Code      64  lcd.o(.text)
    lcd_dis_bmp                              0x300006ac   ARM Code     116  lcd.o(.text)
    lcd_dis_char                             0x30000720   ARM Code     216  lcd.o(.text)
    lcd_dis_chinese                          0x300007f8   ARM Code     376  lcd.o(.text)
    lcd_dis_str                              0x30000970   ARM Code      80  lcd.o(.text)
    lcd_dis_chinese_str                      0x300009c0   ARM Code     164  lcd.o(.text)
    lcd_dis_All                              0x30000a64   ARM Code     176  lcd.o(.text)
    lcd_printf                               0x30000b14   ARM Code      72  lcd.o(.text)
    LED_init                                 0x30000b88   ARM Code      24  led.o(.text)
    Led_Control                              0x30000ba0   ARM Code     332  led.o(.text)
    LED_S                                    0x30000cec   ARM Code     120  led.o(.text)
    LED_Display                              0x30000d64   ARM Code     996  led.o(.text)
    bmp_display1                             0x30001148   ARM Code     248  bmp.o(.text)
    bmp_display2                             0x30001240   ARM Code     176  bmp.o(.text)
    bmp_display3                             0x300012f0   ARM Code     176  bmp.o(.text)
    bmp_work                                 0x300013a0   ARM Code     312  bmp.o(.text)
    Str2BCD                                  0x300014e8   ARM Code      48  rtc.o(.text)
    rtc_set_time                             0x30001518   ARM Code     340  rtc.o(.text)
    rtc_get_time                             0x3000166c   ARM Code     116  rtc.o(.text)
    RTC_S                                    0x300016e0   ARM Code      96  rtc.o(.text)
    rtc_work                                 0x30001740   ARM Code      88  rtc.o(.text)
    delay_c                                  0x300017cc   ARM Code      20  delay.o(.text)
    vsprintf                                 0x300017e1   Thumb Code    32  vsprintf.o(.text)
    __2sprintf                               0x30001805   Thumb Code    40  __2sprintf.o(.text)
    Inline ARM to Thumb Veneer to _printf_hex_ptr 0x30001830   ARM Code       8  _printf_hex_int_ll_ptr.o(.text)
    _printf_longlong_hex                     0x30001839   Thumb Code    88  _printf_hex_int_ll_ptr.o(.text)
    _printf_int_hex                          0x30001891   Thumb Code    28  _printf_hex_int_ll_ptr.o(.text)
    _printf_ll_hex                           0x300018ad   Thumb Code    10  _printf_hex_int_ll_ptr.o(.text)
    _printf_hex_ptr                          0x300018b7   Thumb Code    22  _printf_hex_int_ll_ptr.o(.text)
    __printf                                 0x300018d1   Thumb Code   386  __printf_flags_ss_wp.o(.text)
    __aeabi_memclr4                          0x30001a58   ARM Code       0  rt_memclr_w.o(.text)
    __aeabi_memclr8                          0x30001a58   ARM Code       0  rt_memclr_w.o(.text)
    __rt_memclr_w                            0x30001a58   ARM Code      84  rt_memclr_w.o(.text)
    _memset_w                                0x30001a5c   ARM Code       0  rt_memclr_w.o(.text)
    strcmp                                   0x30001aac   ARM Code     156  strcmp.o(.text)
    __aeabi_idiv                             0x30001b4c   ARM Code       0  aeabi_sdiv.o(.text)
    __aeabi_idivmod                          0x30001b4c   ARM Code     380  aeabi_sdiv.o(.text)
    _printf_pre_padding                      0x30001cc9   Thumb Code    44  _printf_pad.o(.text)
    _printf_post_padding                     0x30001cf5   Thumb Code    34  _printf_pad.o(.text)
    _printf_truncate_signed                  0x30001d17   Thumb Code    22  _printf_truncate.o(.text)
    _printf_truncate_unsigned                0x30001d2d   Thumb Code    22  _printf_truncate.o(.text)
    _printf_str                              0x30001d43   Thumb Code    82  _printf_str.o(.text)
    _printf_int_common                       0x30001d95   Thumb Code   176  _printf_intcommon.o(.text)
    Inline ARM to Thumb Veneer to _printf_int_dec 0x30001e44   ARM Code       8  _printf_dec.o(.text)
    _printf_int_dec                          0x30001e4d   Thumb Code    90  _printf_dec.o(.text)
    Inline ARM to Thumb Veneer to _printf_charcount 0x30001eb8   ARM Code       8  _printf_charcount.o(.text)
    _printf_charcount                        0x30001ec1   Thumb Code    40  _printf_charcount.o(.text)
    _printf_char_common                      0x30001ef3   Thumb Code    32  _printf_char_common.o(.text)
    _sputc                                   0x30001f19   Thumb Code    10  _sputc.o(.text)
    _printf_wctomb                           0x30001f25   Thumb Code   182  _printf_wctomb.o(.text)
    Inline ARM to Thumb Veneer to _printf_longlong_dec 0x30001fe0   ARM Code       8  _printf_longlong_dec.o(.text)
    _printf_longlong_dec                     0x30001fe9   Thumb Code    94  _printf_longlong_dec.o(.text)
    Inline ARM to Thumb Veneer to _printf_int_oct 0x30002058   ARM Code       8  _printf_oct_int_ll.o(.text)
    _printf_longlong_oct                     0x30002061   Thumb Code    68  _printf_oct_int_ll.o(.text)
    _printf_int_oct                          0x300020a5   Thumb Code    24  _printf_oct_int_ll.o(.text)
    _printf_ll_oct                           0x300020bd   Thumb Code    10  _printf_oct_int_ll.o(.text)
    _ll_udiv10                               0x300020d0   ARM Code     152  lludiv10.o(.text)
    __lib_sel_fp_printf                      0x30002169   Thumb Code     2  _printf_fp_dec.o(.text)
    _printf_fp_dec_real                      0x30002305   Thumb Code   618  _printf_fp_dec.o(.text)
    Inline ARM to Thumb Veneer to _printf_fp_hex_real 0x3000257c   ARM Code       8  _printf_fp_hex.o(.text)
    _printf_fp_hex_real                      0x30002585   Thumb Code   712  _printf_fp_hex.o(.text)
    Inline ARM to Thumb Veneer to _printf_char 0x30002854   ARM Code       8  _printf_char.o(.text)
    _printf_cs_common                        0x3000285d   Thumb Code    22  _printf_char.o(.text)
    _printf_char                             0x30002873   Thumb Code    16  _printf_char.o(.text)
    _printf_string                           0x30002883   Thumb Code     8  _printf_char.o(.text)
    Inline ARM to Thumb Veneer to _printf_wchar 0x3000288c   ARM Code       8  _printf_wchar.o(.text)
    _printf_lcs_common                       0x30002895   Thumb Code    22  _printf_wchar.o(.text)
    _printf_wchar                            0x300028ab   Thumb Code    16  _printf_wchar.o(.text)
    _printf_wstring                          0x300028bb   Thumb Code     8  _printf_wchar.o(.text)
    _wcrtomb                                 0x300028c3   Thumb Code    68  _wcrtomb.o(.text)
    __rt_udiv10                              0x30002908   ARM Code      44  rtudiv10.o(.text)
    __rt_ctype_table                         0x30002934   ARM Code      20  rt_ctype_table.o(.text)
    __rt_locale                              0x30002948   ARM Code      12  rt_locale.o(.text)
    _printf_fp_infnan                        0x30002955   Thumb Code   120  _printf_fp_infnan.o(.text)
    _btod_etento                             0x300029dd   Thumb Code   206  bigflt0.o(.text)
    __aeabi_uidiv                            0x30002ab0   ARM Code       0  aeabi_sdiv.o(.text_udiv)
    __aeabi_uidivmod                         0x30002ab0   ARM Code      36  aeabi_sdiv.o(.text_udiv)
    EnterCritical                            0x30002ad4   ARM Code       0  2440slib.o(C$$code)
    ExitCritical                             0x30002ae8   ARM Code       0  2440slib.o(C$$code)
    SET_IF                                   0x30002af4   ARM Code       0  2440slib.o(C$$code)
    WR_IF                                    0x30002b08   ARM Code       0  2440slib.o(C$$code)
    CLR_IF                                   0x30002b10   ARM Code       0  2440slib.o(C$$code)
    outportw                                 0x30002b20   ARM Code       4  2440slib.o(C$$code)
    inportw                                  0x30002b28   ARM Code       4  2440slib.o(C$$code)
    MMU_EnableICache                         0x30002b30   ARM Code       0  2440slib.o(C$$code)
    MMU_DisableICache                        0x30002b40   ARM Code       0  2440slib.o(C$$code)
    MMU_EnableDCache                         0x30002b50   ARM Code       0  2440slib.o(C$$code)
    MMU_DisableDCache                        0x30002b60   ARM Code       0  2440slib.o(C$$code)
    MMU_EnableAlignFault                     0x30002b70   ARM Code       0  2440slib.o(C$$code)
    MMU_DisableAlignFault                    0x30002b80   ARM Code       0  2440slib.o(C$$code)
    MMU_EnableMMU                            0x30002b90   ARM Code       0  2440slib.o(C$$code)
    MMU_DisableMMU                           0x30002ba0   ARM Code       0  2440slib.o(C$$code)
    MMU_SetFastBusMode                       0x30002bb0   ARM Code       0  2440slib.o(C$$code)
    MMU_SetAsyncBusMode                      0x30002bc0   ARM Code       0  2440slib.o(C$$code)
    MMU_SetTTBase                            0x30002bd0   ARM Code       0  2440slib.o(C$$code)
    MMU_SetDomain                            0x30002bd8   ARM Code       0  2440slib.o(C$$code)
    MMU_InvalidateIDCache                    0x30002be0   ARM Code       0  2440slib.o(C$$code)
    MMU_InvalidateICache                     0x30002be8   ARM Code       0  2440slib.o(C$$code)
    MMU_InvalidateICacheMVA                  0x30002bf0   ARM Code       0  2440slib.o(C$$code)
    MMU_PrefetchICacheMVA                    0x30002bf8   ARM Code       0  2440slib.o(C$$code)
    MMU_InvalidateDCache                     0x30002c00   ARM Code       0  2440slib.o(C$$code)
    MMU_InvalidateDCacheMVA                  0x30002c08   ARM Code       0  2440slib.o(C$$code)
    MMU_CleanDCacheMVA                       0x30002c10   ARM Code       0  2440slib.o(C$$code)
    MMU_CleanInvalidateDCacheMVA             0x30002c18   ARM Code       0  2440slib.o(C$$code)
    MMU_CleanDCacheIndex                     0x30002c20   ARM Code       0  2440slib.o(C$$code)
    MMU_CleanInvalidateDCacheIndex           0x30002c28   ARM Code       0  2440slib.o(C$$code)
    MMU_WaitForInterrupt                     0x30002c30   ARM Code       0  2440slib.o(C$$code)
    MMU_InvalidateTLB                        0x30002c38   ARM Code       0  2440slib.o(C$$code)
    MMU_InvalidateITLB                       0x30002c40   ARM Code       0  2440slib.o(C$$code)
    MMU_InvalidateITLBMVA                    0x30002c48   ARM Code       0  2440slib.o(C$$code)
    MMU_InvalidateDTLB                       0x30002c50   ARM Code       0  2440slib.o(C$$code)
    MMU_InvalidateDTLBMVA                    0x30002c58   ARM Code       0  2440slib.o(C$$code)
    MMU_SetDCacheLockdownBase                0x30002c60   ARM Code       0  2440slib.o(C$$code)
    MMU_SetICacheLockdownBase                0x30002c68   ARM Code       0  2440slib.o(C$$code)
    MMU_SetDTLBLockdown                      0x30002c70   ARM Code       0  2440slib.o(C$$code)
    MMU_SetITLBLockdown                      0x30002c78   ARM Code       0  2440slib.o(C$$code)
    MMU_SetProcessId                         0x30002c80   ARM Code       0  2440slib.o(C$$code)
    _btod_d2e                                0x30002c88   ARM Code      56  btod.o(CL$$btod_d2e)
    _d2e_denorm_low                          0x30002cc0   ARM Code      84  btod.o(CL$$btod_d2e_denorm_low)
    _d2e_norm_op1                            0x30002d14   ARM Code     104  btod.o(CL$$btod_d2e_norm_op1)
    __btod_div_common                        0x30002d7c   ARM Code     712  btod.o(CL$$btod_div_common)
    _e2e                                     0x300030c4   ARM Code     220  btod.o(CL$$btod_e2e)
    _btod_ediv                               0x300031a0   ARM Code      48  btod.o(CL$$btod_ediv)
    _btod_emul                               0x300031d0   ARM Code      48  btod.o(CL$$btod_emul)
    __btod_mult_common                       0x30003200   ARM Code     612  btod.o(CL$$btod_mult_common)
    Long ARM to Thumb Veneer to _printf_int_hex 0x30003464   ARM Code       8  anon$$obj.o(Veneer$$Code)
    Long ARM to Thumb Veneer to _printf_ll_oct 0x3000346c   ARM Code       8  anon$$obj.o(Veneer$$Code)
    Long ARM to Thumb Veneer to _printf_ll_hex 0x30003474   ARM Code       8  anon$$obj.o(Veneer$$Code)
    Long ARM to Thumb Veneer to _printf_string 0x3000347c   ARM Code       8  anon$$obj.o(Veneer$$Code)
    Long ARM to Thumb Veneer to _printf_wstring 0x30003484   ARM Code       8  anon$$obj.o(Veneer$$Code)
    Long ARM to Thumb Veneer to _printf_fp_dec_real 0x3000348c   ARM Code       8  anon$$obj.o(Veneer$$Code)
    __ARM_fpclassify                         0x30003494   ARM Code      44  fpclassify.o(i.__ARM_fpclassify)
    _is_digit                                0x300034c5   Thumb Code    14  __printf_wp.o(i._is_digit)
    _get_lc_numeric                          0x300034d4   ARM Code      72  lc_numeric_c.o(locale$$code)
    _get_lc_ctype                            0x3000351c   ARM Code      72  lc_ctype_c.o(locale$$code)
    __ieee_status                            0x30003564   ARM Code       8  istatus.o(x$fpl$ieeestatus)
    _printf_fp_dec                           0x3000356c   ARM Code       4  printf1.o(x$fpl$printf1)
    _printf_fp_hex                           0x30003570   ARM Code       4  printf2.o(x$fpl$printf2)
    __I$use$fp                               0x30003574   Number         0  usenofp.o(x$fpl$usenofp)
    chinese                                  0x30003574   Data       294408  chinese.o(.constdata)
    ascii                                    0x3004b37c   Data        1728  ascii.o(.constdata)
    gImage_bmp1                              0x3004ba3c   Data       307200  bmp1.o(.constdata)
    gImage_bmp2                              0x30096a3c   Data       307200  bmp2.o(.constdata)
    gImage_bmp3                              0x300e1a3c   Data       307200  bmp3.o(.constdata)
    gImage_bmp4                              0x3012ca3c   Data       307200  bmp4.o(.constdata)
    gImage_bmp5                              0x30177a3c   Data       307200  bmp5.o(.constdata)
    __ctype                                  0x301c2b65   Data           0  lc_ctype_c.o(locale$$data)
    Image$$ER_ROM1$$RO$$Limit                0x301c2c68   Number         0  lc_ctype_c.o(locale$$data)
    Image$$RW_RAM1$$RW$$Base                 0x31000000   Number         0  isr.o(.data)
    ir_flag                                  0x31000000   Data           1  isr.o(.data)
    WORK                                     0x31000001   Data           1  isr.o(.data)
    bmp                                      0x31000004   Data          20  bmp.o(.data)
    time2_buf                                0x31000018   Data           5  rtc.o(.data)
    Image$$RW_RAM1$$ZI$$Base                 0x31000020   Number         0  lcd.o(.bss)
    lcd_Buf                                  0x31000020   Data          20  lcd.o(.bss)
    FRAME_BUF                                0x31000034   Data       307200  lcd.o(.bss)
    bmp_temp_flag                            0x3104b034   Data       307200  bmp.o(.bss)
    temp                                     0x31096034   Data       307200  bmp.o(.bss)
    temp1                                    0x310e1034   Data       307200  bmp.o(.bss)
    time_buf                                 0x3112c034   Data          50  rtc.o(.bss)
    SetTime                                  0x3112c068   Data          24  rtc.o(.bss)
    Image$$RW_RAM1$$ZI$$Limit                0x3112c094   Number         0  rt_locale.o(.bss)



==============================================================================

Memory Map of the image

  Image Entry point : 0x30000000

  Load Region LR_ROM1 (Base: 0x30000000, Size: 0x001c2c88, Max: 0x01000000, ABSOLUTE)

    Execution Region ER_ROM1 (Base: 0x30000000, Size: 0x001c2c68, Max: 0x01000000, ABSOLUTE)

    Base Addr    Size         Type   Attr      Idx    E Section Name        Object

    0x30000000   0x00000098   Code   RO            1  * Init                start.o
    0x30000098   0x00000000   Code   RO          351    .ARM.Collect$$_printf_percent$$00000000  c_5.l(_printf_percent.o)
    0x30000098   0x00000008   Code   RO          405    .ARM.Collect$$_printf_percent$$00000001  c_5.l(_printf_n.o)
    0x300000a0   0x00000008   Code   RO          406    .ARM.Collect$$_printf_percent$$00000002  c_5.l(_printf_p.o)
    0x300000a8   0x00000008   Code   RO          411    .ARM.Collect$$_printf_percent$$00000003  c_5.l(_printf_f.o)
    0x300000b0   0x00000008   Code   RO          412    .ARM.Collect$$_printf_percent$$00000004  c_5.l(_printf_e.o)
    0x300000b8   0x00000008   Code   RO          413    .ARM.Collect$$_printf_percent$$00000005  c_5.l(_printf_g.o)
    0x300000c0   0x00000008   Code   RO          414    .ARM.Collect$$_printf_percent$$00000006  c_5.l(_printf_a.o)
    0x300000c8   0x0000000c   Code   RO          419    .ARM.Collect$$_printf_percent$$00000007  c_5.l(_printf_ll.o)
    0x300000d4   0x00000008   Code   RO          408    .ARM.Collect$$_printf_percent$$00000008  c_5.l(_printf_i.o)
    0x300000dc   0x00000008   Code   RO          409    .ARM.Collect$$_printf_percent$$00000009  c_5.l(_printf_d.o)
    0x300000e4   0x00000008   Code   RO          410    .ARM.Collect$$_printf_percent$$0000000A  c_5.l(_printf_u.o)
    0x300000ec   0x00000008   Code   RO          407    .ARM.Collect$$_printf_percent$$0000000B  c_5.l(_printf_o.o)
    0x300000f4   0x00000008   Code   RO          350    .ARM.Collect$$_printf_percent$$0000000C  c_5.l(_printf_x.o)
    0x300000fc   0x00000008   Code   RO          416    .ARM.Collect$$_printf_percent$$0000000D  c_5.l(_printf_lli.o)
    0x30000104   0x00000008   Code   RO          417    .ARM.Collect$$_printf_percent$$0000000E  c_5.l(_printf_lld.o)
    0x3000010c   0x00000008   Code   RO          418    .ARM.Collect$$_printf_percent$$0000000F  c_5.l(_printf_llu.o)
    0x30000114   0x00000008   Code   RO          423    .ARM.Collect$$_printf_percent$$00000010  c_5.l(_printf_llo.o)
    0x3000011c   0x00000008   Code   RO          424    .ARM.Collect$$_printf_percent$$00000011  c_5.l(_printf_llx.o)
    0x30000124   0x0000000c   Code   RO          420    .ARM.Collect$$_printf_percent$$00000012  c_5.l(_printf_l.o)
    0x30000130   0x00000008   Code   RO          403    .ARM.Collect$$_printf_percent$$00000013  c_5.l(_printf_c.o)
    0x30000138   0x00000008   Code   RO          404    .ARM.Collect$$_printf_percent$$00000014  c_5.l(_printf_s.o)
    0x30000140   0x00000008   Code   RO          421    .ARM.Collect$$_printf_percent$$00000015  c_5.l(_printf_lc.o)
    0x30000148   0x00000008   Code   RO          422    .ARM.Collect$$_printf_percent$$00000016  c_5.l(_printf_ls.o)
    0x30000150   0x00000008   Code   RO          415    .ARM.Collect$$_printf_percent$$00000017  c_5.l(_printf_percent_end.o)
    0x30000158   0x00000000   Code   RO          523    .ARM.Collect$$libinit$$00000011  c_5.l(libinit2.o)
    0x30000158   0x00000000   Code   RO          527    .ARM.Collect$$libinit$$00000015  c_5.l(libinit2.o)
    0x30000158   0x000000bc   Code   RO            6    .text               main.o
    0x30000214   0x000000e8   Code   RO           73    .text               uart.o
    0x300002fc   0x00000038   Code   RO          100    .text               isr.o
    0x30000334   0x000002b0   Code   RO          119    .text               mmu.o
    0x300005e4   0x000005a4   Code   RO          171    .text               lcd.o
    0x30000b88   0x000005c0   Code   RO          192    .text               led.o
    0x30001148   0x000003a0   Code   RO          204    .text               bmp.o
    0x300014e8   0x000002e4   Code   RO          232    .text               rtc.o
    0x300017cc   0x00000014   Code   RO          252    .text               delay.o
    0x300017e0   0x00000024   Code   RO          301    .text               c_5.l(vsprintf.o)
    0x30001804   0x0000002c   Code   RO          303    .text               c_5.l(__2sprintf.o)
    0x30001830   0x00000008   Ven    RO          327    .text               c_5.l(_printf_hex_int_ll_ptr.o)
    0x30001838   0x00000098   Code   RO          327    .text               c_5.l(_printf_hex_int_ll_ptr.o)
    0x300018d0   0x00000188   Code   RO          347    .text               c_5.l(__printf_flags_ss_wp.o)
    0x30001a58   0x00000054   Code   RO          352    .text               c_5.l(rt_memclr_w.o)
    0x30001aac   0x000000a0   Code   RO          354    .text               c_5.l(strcmp.o)
    0x30001b4c   0x0000017c   Code   RO          356    .text               c_5.l(aeabi_sdiv.o)
    0x30001cc8   0x0000004e   Code   RO          376    .text               c_5.l(_printf_pad.o)
    0x30001d16   0x0000002c   Code   RO          378    .text               c_5.l(_printf_truncate.o)
    0x30001d42   0x00000052   Code   RO          380    .text               c_5.l(_printf_str.o)
    0x30001d94   0x000000b0   Code   RO          382    .text               c_5.l(_printf_intcommon.o)
    0x30001e44   0x00000008   Ven    RO          384    .text               c_5.l(_printf_dec.o)
    0x30001e4c   0x0000006c   Code   RO          384    .text               c_5.l(_printf_dec.o)
    0x30001eb8   0x00000008   Ven    RO          386    .text               c_5.l(_printf_charcount.o)
    0x30001ec0   0x00000028   Code   RO          386    .text               c_5.l(_printf_charcount.o)
    0x30001ee8   0x00000030   Code   RO          388    .text               c_5.l(_printf_char_common.o)
    0x30001f18   0x0000000a   Code   RO          390    .text               c_5.l(_sputc.o)
    0x30001f22   0x00000002   PAD
    0x30001f24   0x000000bc   Code   RO          392    .text               c_5.l(_printf_wctomb.o)
    0x30001fe0   0x00000008   Ven    RO          395    .text               c_5.l(_printf_longlong_dec.o)
    0x30001fe8   0x00000070   Code   RO          395    .text               c_5.l(_printf_longlong_dec.o)
    0x30002058   0x00000008   Ven    RO          401    .text               c_5.l(_printf_oct_int_ll.o)
    0x30002060   0x00000070   Code   RO          401    .text               c_5.l(_printf_oct_int_ll.o)
    0x300020d0   0x00000098   Code   RO          435    .text               c_5.l(lludiv10.o)
    0x30002168   0x00000414   Code   RO          437    .text               c_5.l(_printf_fp_dec.o)
    0x3000257c   0x00000008   Ven    RO          439    .text               c_5.l(_printf_fp_hex.o)
    0x30002584   0x000002d0   Code   RO          439    .text               c_5.l(_printf_fp_hex.o)
    0x30002854   0x00000008   Ven    RO          444    .text               c_5.l(_printf_char.o)
    0x3000285c   0x0000002e   Code   RO          444    .text               c_5.l(_printf_char.o)
    0x3000288a   0x00000002   PAD
    0x3000288c   0x00000008   Ven    RO          446    .text               c_5.l(_printf_wchar.o)
    0x30002894   0x0000002e   Code   RO          446    .text               c_5.l(_printf_wchar.o)
    0x300028c2   0x00000044   Code   RO          448    .text               c_5.l(_wcrtomb.o)
    0x30002906   0x00000002   PAD
    0x30002908   0x0000002c   Code   RO          450    .text               c_5.l(rtudiv10.o)
    0x30002934   0x00000014   Code   RO          452    .text               c_5.l(rt_ctype_table.o)
    0x30002948   0x0000000c   Code   RO          454    .text               c_5.l(rt_locale.o)
    0x30002954   0x00000088   Code   RO          459    .text               c_5.l(_printf_fp_infnan.o)
    0x300029dc   0x000000d4   Code   RO          461    .text               c_5.l(bigflt0.o)
    0x30002ab0   0x00000024   Code   RO          357    .text_udiv          c_5.l(aeabi_sdiv.o)
    0x30002ad4   0x000001b4   Code   RO          140    C$$code             2440slib.o
    0x30002c88   0x00000038   Code   RO          464    CL$$btod_d2e        c_5.l(btod.o)
    0x30002cc0   0x00000054   Code   RO          466    CL$$btod_d2e_denorm_low  c_5.l(btod.o)
    0x30002d14   0x00000068   Code   RO          465    CL$$btod_d2e_norm_op1  c_5.l(btod.o)
    0x30002d7c   0x00000348   Code   RO          474    CL$$btod_div_common  c_5.l(btod.o)
    0x300030c4   0x000000dc   Code   RO          471    CL$$btod_e2e        c_5.l(btod.o)
    0x300031a0   0x00000030   Code   RO          468    CL$$btod_ediv       c_5.l(btod.o)
    0x300031d0   0x00000030   Code   RO          467    CL$$btod_emul       c_5.l(btod.o)
    0x30003200   0x00000264   Code   RO          473    CL$$btod_mult_common  c_5.l(btod.o)
    0x30003464   0x00000008   Ven    RO          607    Veneer$$Code        anon$$obj.o
    0x3000346c   0x00000008   Ven    RO          608    Veneer$$Code        anon$$obj.o
    0x30003474   0x00000008   Ven    RO          609    Veneer$$Code        anon$$obj.o
    0x3000347c   0x00000008   Ven    RO          610    Veneer$$Code        anon$$obj.o
    0x30003484   0x00000008   Ven    RO          611    Veneer$$Code        anon$$obj.o
    0x3000348c   0x00000008   Ven    RO          612    Veneer$$Code        anon$$obj.o
    0x30003494   0x00000030   Code   RO          496    i.__ARM_fpclassify  m_5s.l(fpclassify.o)
    0x300034c4   0x0000000e   Code   RO          340    i._is_digit         c_5.l(__printf_wp.o)
    0x300034d2   0x00000002   PAD
    0x300034d4   0x00000048   Code   RO          487    locale$$code        c_5.l(lc_numeric_c.o)
    0x3000351c   0x00000048   Code   RO          504    locale$$code        c_5.l(lc_ctype_c.o)
    0x30003564   0x00000008   Code   RO          493    x$fpl$ieeestatus    fz_5s.l(istatus.o)
    0x3000356c   0x00000004   Code   RO          425    x$fpl$printf1       fz_5s.l(printf1.o)
    0x30003570   0x00000004   Code   RO          427    x$fpl$printf2       fz_5s.l(printf2.o)
    0x30003574   0x00000000   Code   RO          495    x$fpl$usenofp       fz_5s.l(usenofp.o)
    0x30003574   0x00047e08   Data   RO          155    .constdata          chinese.o
    0x3004b37c   0x000006c0   Data   RO          163    .constdata          ascii.o
    0x3004ba3c   0x0004b000   Data   RO          264    .constdata          bmp1.o
    0x30096a3c   0x0004b000   Data   RO          271    .constdata          bmp2.o
    0x300e1a3c   0x0004b000   Data   RO          278    .constdata          bmp3.o
    0x3012ca3c   0x0004b000   Data   RO          285    .constdata          bmp4.o
    0x30177a3c   0x0004b000   Data   RO          292    .constdata          bmp5.o
    0x301c2a3c   0x00000028   Data   RO          328    .constdata          c_5.l(_printf_hex_int_ll_ptr.o)
    0x301c2a64   0x00000011   Data   RO          348    .constdata          c_5.l(__printf_flags_ss_wp.o)
    0x301c2a75   0x00000003   PAD
    0x301c2a78   0x00000008   Data   RO          393    .constdata          c_5.l(_printf_wctomb.o)
    0x301c2a80   0x00000026   Data   RO          440    .constdata          c_5.l(_printf_fp_hex.o)
    0x301c2aa6   0x00000002   PAD
    0x301c2aa8   0x00000094   Data   RO          462    .constdata          c_5.l(bigflt0.o)
    0x301c2b3c   0x0000001c   Data   RO          486    locale$$data        c_5.l(lc_numeric_c.o)
    0x301c2b58   0x00000110   Data   RO          503    locale$$data        c_5.l(lc_ctype_c.o)


    Execution Region RW_RAM1 (Base: 0x31000000, Size: 0x0012c094, Max: 0x01000000, ABSOLUTE)

    Base Addr    Size         Type   Attr      Idx    E Section Name        Object

    0x31000000   0x00000002   Data   RW          101    .data               isr.o
    0x31000002   0x00000002   PAD
    0x31000004   0x00000014   Data   RW          206    .data               bmp.o
    0x31000018   0x00000005   Data   RW          234    .data               rtc.o
    0x3100001d   0x00000003   PAD
    0x31000020   0x0004b014   Zero   RW          172    .bss                lcd.o
    0x3104b034   0x000e1000   Zero   RW          205    .bss                bmp.o
    0x3112c034   0x0000004c   Zero   RW          233    .bss                rtc.o
    0x3112c080   0x00000014   Zero   RW          455    .bss                c_5.l(rt_locale.o)


    Execution Region RW_IRAM1 (Base: 0x40000000, Size: 0x00000000, Max: 0x00001000, ABSOLUTE)

    **** No section assigned to this execution region ****


==============================================================================

Image component sizes


      Code (inc. data)   RO Data    RW Data    ZI Data      Debug   Object Name

       436          0          0          0          0        308   2440slib.o
         0          0       1728          0          0        336   ascii.o
       928         16          0         20     921600       2213   bmp.o
         0          0     307200          0          0        238   bmp1.o
         0          0     307200          0          0        238   bmp2.o
         0          0     307200          0          0        238   bmp3.o
         0          0     307200          0          0        238   bmp4.o
         0          0     307200          0          0        238   bmp5.o
         0          0     294408          0          0        350   chinese.o
        20          0          0          0          0        346   delay.o
        56          4          0          2          0        464   isr.o
      1444         44          0          0     307220       3757   lcd.o
      1472          0          0          0          0       1317   led.o
       188          4          0          0          0       3240   main.o
       688         44          0          0          0       1067   mmu.o
       740         52          0          5         76       1868   rtc.o
       152         24          0          0          0        200   start.o
       232          4          0          0          0       1058   uart.o

    ----------------------------------------------------------------------
      6404        216    1832136         32    1228896      17714   Object Totals
        48         24          0          0          0          0   (incl. Generated)
         0          0          0          5          0          0   (incl. Padding)

    ----------------------------------------------------------------------

      Code (inc. data)   RO Data    RW Data    ZI Data      Debug   Library Member Name

        44          4          0          0          0         84   __2sprintf.o
       392          6         17          0          0         76   __printf_flags_ss_wp.o
        14          0          0          0          0         60   __printf_wp.o
         8          0          0          0          0          0   _printf_a.o
         8          0          0          0          0          0   _printf_c.o
        54          0          0          0          0        100   _printf_char.o
        48          6          0          0          0         88   _printf_char_common.o
        48          0          0          0          0         60   _printf_charcount.o
         8          0          0          0          0          0   _printf_d.o
       116         18          0          0          0         76   _printf_dec.o
         8          0          0          0          0          0   _printf_e.o
         8          0          0          0          0          0   _printf_f.o
      1044         14          0          0          0        172   _printf_fp_dec.o
       728          8         38          0          0         84   _printf_fp_hex.o
       136         16          0          0          0         76   _printf_fp_infnan.o
         8          0          0          0          0          0   _printf_g.o
       160          4         40          0          0        148   _printf_hex_int_ll_ptr.o
         8          0          0          0          0          0   _printf_i.o
       176          0          0          0          0         80   _printf_intcommon.o
        12          0          0          0          0          0   _printf_l.o
         8          0          0          0          0          0   _printf_lc.o
        12          0          0          0          0          0   _printf_ll.o
         8          0          0          0          0          0   _printf_lld.o
         8          0          0          0          0          0   _printf_lli.o
         8          0          0          0          0          0   _printf_llo.o
         8          0          0          0          0          0   _printf_llu.o
         8          0          0          0          0          0   _printf_llx.o
       120         18          0          0          0         76   _printf_longlong_dec.o
         8          0          0          0          0          0   _printf_ls.o
         8          0          0          0          0          0   _printf_n.o
         8          0          0          0          0          0   _printf_o.o
       120         10          0          0          0        112   _printf_oct_int_ll.o
         8          0          0          0          0          0   _printf_p.o
        78          0          0          0          0        100   _printf_pad.o
         0          0          0          0          0          0   _printf_percent.o
         8          0          0          0          0          0   _printf_percent_end.o
         8          0          0          0          0          0   _printf_s.o
        82          0          0          0          0         72   _printf_str.o
        44          0          0          0          0         76   _printf_truncate.o
         8          0          0          0          0          0   _printf_u.o
        54          0          0          0          0        100   _printf_wchar.o
       188          6          8          0          0         80   _printf_wctomb.o
         8          0          0          0          0          0   _printf_x.o
        10          0          0          0          0         60   _sputc.o
        68          0          0          0          0         72   _wcrtomb.o
       416          0          0          0          0        144   aeabi_sdiv.o
       212          6        148          0          0         80   bigflt0.o
      2012        128          0          0          0        672   btod.o
        72          8        272          0          0         76   lc_ctype_c.o
        72          8         28          0          0         76   lc_numeric_c.o
         0          0          0          0          0          0   libinit2.o
       152          0          0          0          0         80   lludiv10.o
        20          4          0          0          0         76   rt_ctype_table.o
        12          4          0          0         20         68   rt_locale.o
        84          0          0          0          0         80   rt_memclr_w.o
        44          0          0          0          0         68   rtudiv10.o
       160          4          0          0          0         80   strcmp.o
        36          4          0          0          0         68   vsprintf.o
         8          0          0          0          0         68   istatus.o
         4          0          0          0          0         68   printf1.o
         4          0          0          0          0         68   printf2.o
         0          0          0          0          0          0   usenofp.o
        48          4          0          0          0         68   fpclassify.o

    ----------------------------------------------------------------------
      7280        280        556          0         20       3692   Library Totals
         8          0          5          0          0          0   (incl. Padding)

    ----------------------------------------------------------------------

      Code (inc. data)   RO Data    RW Data    ZI Data      Debug   Library Name

      7208        276        551          0         20       3420   c_5.l
        16          0          0          0          0        204   fz_5s.l
        48          4          0          0          0         68   m_5s.l

    ----------------------------------------------------------------------
      7280        280        556          0         20       3692   Library Totals

    ----------------------------------------------------------------------

==============================================================================


      Code (inc. data)   RO Data    RW Data    ZI Data      Debug   

     13684        496    1832692         32    1228916      18826   Grand Totals
     13684        496    1832692         32    1228916      18826   ELF Image Totals
     13684        496    1832692         32          0          0   ROM Totals

==============================================================================

    Total RO  Size (Code + RO Data)              1846376 (1803.10kB)
    Total RW  Size (RW Data + ZI Data)           1228948 (1200.14kB)
    Total ROM Size (Code + RO Data + RW Data)    1846408 (1803.13kB)

==============================================================================

